Archive member included to satisfy reference by file (symbol)

C:/ST/STM32CubeIDE_2.1.1/STM32CubeIDE/plugins/com.st.stm32cube.ide.mcu.externaltools.gnu-tools-for-stm32.14.3.rel1.win32_1.0.100.202602081740/tools/bin/../lib/gcc/arm-none-eabi/14.3.1/../../../../arm-none-eabi/lib/thumb/v7e-m+fp/hard\libc_nano.a(libc_a-exit.o)
                              C:/ST/STM32CubeIDE_2.1.1/STM32CubeIDE/plugins/com.st.stm32cube.ide.mcu.externaltools.gnu-tools-for-stm32.14.3.rel1.win32_1.0.100.202602081740/tools/bin/../lib/gcc/arm-none-eabi/14.3.1/../../../../arm-none-eabi/lib/thumb/v7e-m+fp/hard/crt0.o (exit)
C:/ST/STM32CubeIDE_2.1.1/STM32CubeIDE/plugins/com.st.stm32cube.ide.mcu.externaltools.gnu-tools-for-stm32.14.3.rel1.win32_1.0.100.202602081740/tools/bin/../lib/gcc/arm-none-eabi/14.3.1/../../../../arm-none-eabi/lib/thumb/v7e-m+fp/hard\libc_nano.a(libc_a-findfp.o)
                              C:/ST/STM32CubeIDE_2.1.1/STM32CubeIDE/plugins/com.st.stm32cube.ide.mcu.externaltools.gnu-tools-for-stm32.14.3.rel1.win32_1.0.100.202602081740/tools/bin/../lib/gcc/arm-none-eabi/14.3.1/../../../../arm-none-eabi/lib/thumb/v7e-m+fp/hard\libc_nano.a(libc_a-exit.o) (__stdio_exit_handler)
C:/ST/STM32CubeIDE_2.1.1/STM32CubeIDE/plugins/com.st.stm32cube.ide.mcu.externaltools.gnu-tools-for-stm32.14.3.rel1.win32_1.0.100.202602081740/tools/bin/../lib/gcc/arm-none-eabi/14.3.1/../../../../arm-none-eabi/lib/thumb/v7e-m+fp/hard\libc_nano.a(libc_a-fwalk.o)
                              C:/ST/STM32CubeIDE_2.1.1/STM32CubeIDE/plugins/com.st.stm32cube.ide.mcu.externaltools.gnu-tools-for-stm32.14.3.rel1.win32_1.0.100.202602081740/tools/bin/../lib/gcc/arm-none-eabi/14.3.1/../../../../arm-none-eabi/lib/thumb/v7e-m+fp/hard\libc_nano.a(libc_a-findfp.o) (_fwalk_sglue)
C:/ST/STM32CubeIDE_2.1.1/STM32CubeIDE/plugins/com.st.stm32cube.ide.mcu.externaltools.gnu-tools-for-stm32.14.3.rel1.win32_1.0.100.202602081740/tools/bin/../lib/gcc/arm-none-eabi/14.3.1/../../../../arm-none-eabi/lib/thumb/v7e-m+fp/hard\libc_nano.a(libc_a-stdio.o)
                              C:/ST/STM32CubeIDE_2.1.1/STM32CubeIDE/plugins/com.st.stm32cube.ide.mcu.externaltools.gnu-tools-for-stm32.14.3.rel1.win32_1.0.100.202602081740/tools/bin/../lib/gcc/arm-none-eabi/14.3.1/../../../../arm-none-eabi/lib/thumb/v7e-m+fp/hard\libc_nano.a(libc_a-findfp.o) (__sread)
C:/ST/STM32CubeIDE_2.1.1/STM32CubeIDE/plugins/com.st.stm32cube.ide.mcu.externaltools.gnu-tools-for-stm32.14.3.rel1.win32_1.0.100.202602081740/tools/bin/../lib/gcc/arm-none-eabi/14.3.1/../../../../arm-none-eabi/lib/thumb/v7e-m+fp/hard\libc_nano.a(libc_a-memmove.o)
                              ./Core/Src/main.o (memmove)
C:/ST/STM32CubeIDE_2.1.1/STM32CubeIDE/plugins/com.st.stm32cube.ide.mcu.externaltools.gnu-tools-for-stm32.14.3.rel1.win32_1.0.100.202602081740/tools/bin/../lib/gcc/arm-none-eabi/14.3.1/../../../../arm-none-eabi/lib/thumb/v7e-m+fp/hard\libc_nano.a(libc_a-memset.o)
                              C:/ST/STM32CubeIDE_2.1.1/STM32CubeIDE/plugins/com.st.stm32cube.ide.mcu.externaltools.gnu-tools-for-stm32.14.3.rel1.win32_1.0.100.202602081740/tools/bin/../lib/gcc/arm-none-eabi/14.3.1/../../../../arm-none-eabi/lib/thumb/v7e-m+fp/hard/crt0.o (memset)
C:/ST/STM32CubeIDE_2.1.1/STM32CubeIDE/plugins/com.st.stm32cube.ide.mcu.externaltools.gnu-tools-for-stm32.14.3.rel1.win32_1.0.100.202602081740/tools/bin/../lib/gcc/arm-none-eabi/14.3.1/../../../../arm-none-eabi/lib/thumb/v7e-m+fp/hard\libc_nano.a(libc_a-closer.o)
                              C:/ST/STM32CubeIDE_2.1.1/STM32CubeIDE/plugins/com.st.stm32cube.ide.mcu.externaltools.gnu-tools-for-stm32.14.3.rel1.win32_1.0.100.202602081740/tools/bin/../lib/gcc/arm-none-eabi/14.3.1/../../../../arm-none-eabi/lib/thumb/v7e-m+fp/hard\libc_nano.a(libc_a-stdio.o) (_close_r)
C:/ST/STM32CubeIDE_2.1.1/STM32CubeIDE/plugins/com.st.stm32cube.ide.mcu.externaltools.gnu-tools-for-stm32.14.3.rel1.win32_1.0.100.202602081740/tools/bin/../lib/gcc/arm-none-eabi/14.3.1/../../../../arm-none-eabi/lib/thumb/v7e-m+fp/hard\libc_nano.a(libc_a-reent.o)
                              C:/ST/STM32CubeIDE_2.1.1/STM32CubeIDE/plugins/com.st.stm32cube.ide.mcu.externaltools.gnu-tools-for-stm32.14.3.rel1.win32_1.0.100.202602081740/tools/bin/../lib/gcc/arm-none-eabi/14.3.1/../../../../arm-none-eabi/lib/thumb/v7e-m+fp/hard\libc_nano.a(libc_a-closer.o) (errno)
C:/ST/STM32CubeIDE_2.1.1/STM32CubeIDE/plugins/com.st.stm32cube.ide.mcu.externaltools.gnu-tools-for-stm32.14.3.rel1.win32_1.0.100.202602081740/tools/bin/../lib/gcc/arm-none-eabi/14.3.1/../../../../arm-none-eabi/lib/thumb/v7e-m+fp/hard\libc_nano.a(libc_a-impure.o)
                              C:/ST/STM32CubeIDE_2.1.1/STM32CubeIDE/plugins/com.st.stm32cube.ide.mcu.externaltools.gnu-tools-for-stm32.14.3.rel1.win32_1.0.100.202602081740/tools/bin/../lib/gcc/arm-none-eabi/14.3.1/../../../../arm-none-eabi/lib/thumb/v7e-m+fp/hard\libc_nano.a(libc_a-reent.o) (_impure_ptr)
[...]
Memory Configuration

Name             Origin             Length             Attributes
CCMRAM           0x10000000         0x00010000         xrw
RAM              0x20000000         0x00020000         xrw
FLASH            0x08000000         0x00080000         xr
*default*        0x00000000         0xffffffff

Linker script and memory map

LOAD C:/ST/STM32CubeIDE_2.1.1/STM32CubeIDE/plugins/com.st.stm32cube.ide.mcu.externaltools.gnu-tools-for-stm32.14.3.rel1.win32_1.0.100.202602081740/tools/bin/../lib/gcc/arm-none-eabi/14.3.1/thumb/v7e-m+fp/hard/crti.o
LOAD C:/ST/STM32CubeIDE_2.1.1/STM32CubeIDE/plugins/com.st.stm32cube.ide.mcu.externaltools.gnu-tools-for-stm32.14.3.rel1.win32_1.0.100.202602081740/tools/bin/../lib/gcc/arm-none-eabi/14.3.1/thumb/v7e-m+fp/hard/crtbegin.o
LOAD C:/ST/STM32CubeIDE_2.1.1/STM32CubeIDE/plugins/com.st.stm32cube.ide.mcu.externaltools.gnu-tools-for-stm32.14.3.rel1.win32_1.0.100.202602081740/tools/bin/../lib/gcc/arm-none-eabi/14.3.1/../../../../arm-none-eabi/lib/thumb/v7e-m+fp/hard/crt0.o
LOAD ./Core/Src/adc.o
LOAD ./Core/Src/dma.o
LOAD ./Core/Src/font12.o
LOAD ./Core/Src/font16.o
LOAD ./Core/Src/font20.o
LOAD ./Core/Src/font24.o
LOAD ./Core/Src/font8.o
LOAD ./Core/Src/fsmc.o
LOAD ./Core/Src/gpio.o
LOAD ./Core/Src/ili9325.o
LOAD ./Core/Src/main.o
LOAD ./Core/Src/openx07v_c_lcd.o
LOAD ./Core/Src/spi.o
LOAD ./Core/Src/stm32f4xx_hal_msp.o
LOAD ./Core/Src/stm32f4xx_it.o
LOAD ./Core/Src/syscalls.o
LOAD ./Core/Src/sysmem.o
LOAD ./Core/Src/system_stm32f4xx.o
LOAD ./Core/Src/tim.o
LOAD ./Core/Src/touch_panel.o
LOAD ./Core/Src/usart.o
LOAD ./Core/Startup/startup_stm32f407vetx.o
LOAD ./Drivers/CMSIS/DSP/Source/CommonTables/arm_common_tables.o
LOAD ./Drivers/CMSIS/DSP/Source/CommonTables/arm_const_structs.o
LOAD ./Drivers/CMSIS/DSP/Source/ComplexMathFunctions/arm_cmplx_mag_f32.o
LOAD ./Drivers/CMSIS/DSP/Source/TransformFunctions/arm_bitreversal.o
LOAD ./Drivers/CMSIS/DSP/Source/TransformFunctions/arm_cfft_radix4_f32.o
LOAD ./Drivers/CMSIS/DSP/Source/TransformFunctions/arm_cfft_radix4_init_f32.o
LOAD ./Drivers/STM32F4xx_HAL_Driver/Src/stm32f4xx_hal.o
LOAD ./Drivers/STM32F4xx_HAL_Driver/Src/stm32f4xx_hal_adc.o
LOAD ./Drivers/STM32F4xx_HAL_Driver/Src/stm32f4xx_hal_adc_ex.o
LOAD ./Drivers/STM32F4xx_HAL_Driver/Src/stm32f4xx_hal_cortex.o
LOAD ./Drivers/STM32F4xx_HAL_Driver/Src/stm32f4xx_hal_dma.o
LOAD ./Drivers/STM32F4xx_HAL_Driver/Src/stm32f4xx_hal_dma_ex.o
LOAD ./Drivers/STM32F4xx_HAL_Driver/Src/stm32f4xx_hal_exti.o
LOAD ./Drivers/STM32F4xx_HAL_Driver/Src/stm32f4xx_hal_flash.o
LOAD ./Drivers/STM32F4xx_HAL_Driver/Src/stm32f4xx_hal_flash_ex.o
LOAD ./Drivers/STM32F4xx_HAL_Driver/Src/stm32f4xx_hal_flash_ramfunc.o
LOAD ./Drivers/STM32F4xx_HAL_Driver/Src/stm32f4xx_hal_gpio.o
LOAD ./Drivers/STM32F4xx_HAL_Driver/Src/stm32f4xx_hal_nand.o
LOAD ./Drivers/STM32F4xx_HAL_Driver/Src/stm32f4xx_hal_nor.o
LOAD ./Drivers/STM32F4xx_HAL_Driver/Src/stm32f4xx_hal_pccard.o
LOAD ./Drivers/STM32F4xx_HAL_Driver/Src/stm32f4xx_hal_pwr.o
LOAD ./Drivers/STM32F4xx_HAL_Driver/Src/stm32f4xx_hal_pwr_ex.o
LOAD ./Drivers/STM32F4xx_HAL_Driver/Src/stm32f4xx_hal_rcc.o
LOAD ./Drivers/STM32F4xx_HAL_Driver/Src/stm32f4xx_hal_rcc_ex.o
LOAD ./Drivers/STM32F4xx_HAL_Driver/Src/stm32f4xx_hal_spi.o
LOAD ./Drivers/STM32F4xx_HAL_Driver/Src/stm32f4xx_hal_sram.o
LOAD ./Drivers/STM32F4xx_HAL_Driver/Src/stm32f4xx_hal_tim.o
LOAD ./Drivers/STM32F4xx_HAL_Driver/Src/stm32f4xx_hal_tim_ex.o
LOAD ./Drivers/STM32F4xx_HAL_Driver/Src/stm32f4xx_hal_uart.o
LOAD ./Drivers/STM32F4xx_HAL_Driver/Src/stm32f4xx_ll_fsmc.o
START GROUP
LOAD C:/ST/STM32CubeIDE_2.1.1/STM32CubeIDE/plugins/com.st.stm32cube.ide.mcu.externaltools.gnu-tools-for-stm32.14.3.rel1.win32_1.0.100.202602081740/tools/bin/../lib/gcc/arm-none-eabi/14.3.1/../../../../arm-none-eabi/lib/thumb/v7e-m+fp/hard\libc_nano.a
LOAD C:/ST/STM32CubeIDE_2.1.1/STM32CubeIDE/plugins/com.st.stm32cube.ide.mcu.externaltools.gnu-tools-for-stm32.14.3.rel1.win32_1.0.100.202602081740/tools/bin/../lib/gcc/arm-none-eabi/14.3.1/../../../../arm-none-eabi/lib/thumb/v7e-m+fp/hard\libm.a
END GROUP
START GROUP
LOAD C:/ST/STM32CubeIDE_2.1.1/STM32CubeIDE/plugins/com.st.stm32cube.ide.mcu.externaltools.gnu-tools-for-stm32.14.3.rel1.win32_1.0.100.202602081740/tools/bin/../lib/gcc/arm-none-eabi/14.3.1/thumb/v7e-m+fp/hard\libgcc.a
LOAD C:/ST/STM32CubeIDE_2.1.1/STM32CubeIDE/plugins/com.st.stm32cube.ide.mcu.externaltools.gnu-tools-for-stm32.14.3.rel1.win32_1.0.100.202602081740/tools/bin/../lib/gcc/arm-none-eabi/14.3.1/../../../../arm-none-eabi/lib/thumb/v7e-m+fp/hard\libc_nano.a
END GROUP
START GROUP
LOAD C:/ST/STM32CubeIDE_2.1.1/STM32CubeIDE/plugins/com.st.stm32cube.ide.mcu.externaltools.gnu-tools-for-stm32.14.3.rel1.win32_1.0.100.202602081740/tools/bin/../lib/gcc/arm-none-eabi/14.3.1/thumb/v7e-m+fp/hard\libgcc.a
LOAD C:/ST/STM32CubeIDE_2.1.1/STM32CubeIDE/plugins/com.st.stm32cube.ide.mcu.externaltools.gnu-tools-for-stm32.14.3.rel1.win32_1.0.100.202602081740/tools/bin/../lib/gcc/arm-none-eabi/14.3.1/../../../../arm-none-eabi/lib/thumb/v7e-m+fp/hard\libc_nano.a
LOAD C:/ST/STM32CubeIDE_2.1.1/STM32CubeIDE/plugins/com.st.stm32cube.ide.mcu.externaltools.gnu-tools-for-stm32.14.3.rel1.win32_1.0.100.202602081740/tools/bin/../lib/gcc/arm-none-eabi/14.3.1/../../../../arm-none-eabi/lib/thumb/v7e-m+fp/hard\libnosys.a
END GROUP
START GROUP
LOAD C:/ST/STM32CubeIDE_2.1.1/STM32CubeIDE/plugins/com.st.stm32cube.ide.mcu.externaltools.gnu-tools-for-stm32.14.3.rel1.win32_1.0.100.202602081740/tools/bin/../lib/gcc/arm-none-eabi/14.3.1/thumb/v7e-m+fp/hard\libgcc.a
LOAD C:/ST/STM32CubeIDE_2.1.1/STM32CubeIDE/plugins/com.st.stm32cube.ide.mcu.externaltools.gnu-tools-for-stm32.14.3.rel1.win32_1.0.100.202602081740/tools/bin/../lib/gcc/arm-none-eabi/14.3.1/../../../../arm-none-eabi/lib/thumb/v7e-m+fp/hard\libc_nano.a
LOAD C:/ST/STM32CubeIDE_2.1.1/STM32CubeIDE/plugins/com.st.stm32cube.ide.mcu.externaltools.gnu-tools-for-stm32.14.3.rel1.win32_1.0.100.202602081740/tools/bin/../lib/gcc/arm-none-eabi/14.3.1/../../../../arm-none-eabi/lib/thumb/v7e-m+fp/hard\libnosys.a
END GROUP
LOAD C:/ST/STM32CubeIDE_2.1.1/STM32CubeIDE/plugins/com.st.stm32cube.ide.mcu.externaltools.gnu-tools-for-stm32.14.3.rel1.win32_1.0.100.202602081740/tools/bin/../lib/gcc/arm-none-eabi/14.3.1/thumb/v7e-m+fp/hard/crtend.o
LOAD C:/ST/STM32CubeIDE_2.1.1/STM32CubeIDE/plugins/com.st.stm32cube.ide.mcu.externaltools.gnu-tools-for-stm32.14.3.rel1.win32_1.0.100.202602081740/tools/bin/../lib/gcc/arm-none-eabi/14.3.1/thumb/v7e-m+fp/hard/crtn.o
                0x20020000                        _estack = (ORIGIN (RAM) + LENGTH (RAM))
                0x00000200                        _Min_Heap_Size = 0x200
                0x00000400                        _Min_Stack_Size = 0x400

.isr_vector     0x08000000      0x188
                0x08000000                        . = ALIGN (0x4)
 *(.isr_vector)
 .isr_vector    0x08000000      0x188 ./Core/Startup/startup_stm32f407vetx.o
                0x08000000                g_pfnVectors
                0x08000188                        . = ALIGN (0x4)

.text           0x08000188     0x8508
                0x08000188                        . = ALIGN (0x4)
 *(.text)
 .text          0x08000188       0x40 C:/ST/STM32CubeIDE_2.1.1/STM32CubeIDE/plugins/com.st.stm32cube.ide.mcu.externaltools.gnu-tools-for-stm32.14.3.rel1.win32_1.0.100.202602081740/tools/bin/../lib/gcc/arm-none-eabi/14.3.1/thumb/v7e-m+fp/hard/crtbegin.o
 .text          0x080001c8      0x378 C:/ST/STM32CubeIDE_2.1.1/STM32CubeIDE/plugins/com.st.stm32cube.ide.mcu.externaltools.gnu-tools-for-stm32.14.3.rel1.win32_1.0.100.202602081740/tools/bin/../lib/gcc/arm-none-eabi/14.3.1/thumb/v7e-m+fp/hard\libgcc.a(_arm_addsubdf3.o)
                0x080001c8                __aeabi_drsub
                0x080001d0                __aeabi_dsub
                0x080001d0                __subdf3
                0x080001d4                __aeabi_dadd
                0x080001d4                __adddf3
                0x0800044c                __floatunsidf
                0x0800044c                __aeabi_ui2d
                0x0800046c                __floatsidf
                0x0800046c                __aeabi_i2d
                0x08000490                __aeabi_f2d
                0x08000490                __extendsfdf2
                0x080004d4                __floatundidf
                0x080004d4                __aeabi_ul2d
                0x080004e4                __floatdidf
                0x080004e4                __aeabi_l2d
 .text          0x08000540      0x110 C:/ST/STM32CubeIDE_2.1.1/STM32CubeIDE/plugins/com.st.stm32cube.ide.mcu.externaltools.gnu-tools-for-stm32.14.3.rel1.win32_1.0.100.202602081740/tools/bin/../lib/gcc/arm-none-eabi/14.3.1/thumb/v7e-m+fp/hard\libgcc.a(_arm_cmpdf2.o)
                0x08000540                __gtdf2
                0x08000540                __gedf2
                0x08000548                __ltdf2
                0x08000548                __ledf2
                0x08000550                __nedf2
                0x08000550                __eqdf2
                0x08000550                __cmpdf2
                0x080005cc                __aeabi_cdrcmple
                0x080005dc                __aeabi_cdcmpeq
                0x080005dc                __aeabi_cdcmple
                0x080005ec                __aeabi_dcmpeq
                0x08000600                __aeabi_dcmplt
                0x08000614                __aeabi_dcmple
                0x08000628                __aeabi_dcmpge
                0x0800063c                __aeabi_dcmpgt
 .text          0x08000650       0x30 C:/ST/STM32CubeIDE_2.1.1/STM32CubeIDE/plugins/com.st.stm32cube.ide.mcu.externaltools.gnu-tools-for-stm32.14.3.rel1.win32_1.0.100.202602081740/tools/bin/../lib/gcc/arm-none-eabi/14.3.1/thumb/v7e-m+fp/hard\libgcc.a(_aeabi_uldivmod.o)
                0x08000650                __aeabi_uldivmod
 .text          0x08000680      0x2f8 C:/ST/STM32CubeIDE_2.1.1/STM32CubeIDE/plugins/com.st.stm32cube.ide.mcu.externaltools.gnu-tools-for-stm32.14.3.rel1.win32_1.0.100.202602081740/tools/bin/../lib/gcc/arm-none-eabi/14.3.1/thumb/v7e-m+fp/hard\libgcc.a(_udivmoddi4.o)
                0x08000680                __udivmoddi4
 .text          0x08000978        0x4 C:/ST/STM32CubeIDE_2.1.1/STM32CubeIDE/plugins/com.st.stm32cube.ide.mcu.externaltools.gnu-tools-for-stm32.14.3.rel1.win32_1.0.100.202602081740/tools/bin/../lib/gcc/arm-none-eabi/14.3.1/thumb/v7e-m+fp/hard\libgcc.a(_dvmd_tls.o)
                0x08000978                __aeabi_idiv0
                0x08000978                __aeabi_ldiv0
 *(.text*)
 .text.MX_ADC1_Init
                0x0800097c       0xa8 ./Core/Src/adc.o
                0x0800097c                MX_ADC1_Init
 .text.HAL_ADC_MspInit
                0x08000a24       0xe8 ./Core/Src/adc.o
                0x08000a24                HAL_ADC_MspInit
 .text.MX_DMA_Init
                0x08000b0c       0x40 ./Core/Src/dma.o
                0x08000b0c                MX_DMA_Init
 .text.MX_FSMC_Init
                0x08000b4c       0xc0 ./Core/Src/fsmc.o
                0x08000b4c                MX_FSMC_Init
 .text.HAL_FSMC_MspInit
                0x08000c0c       0x98 ./Core/Src/fsmc.o
 .text.HAL_SRAM_MspInit
                0x08000ca4       0x14 ./Core/Src/fsmc.o
                0x08000ca4                HAL_SRAM_MspInit
 .text.MX_GPIO_Init
                0x08000cb8      0x164 ./Core/Src/gpio.o
                0x08000cb8                MX_GPIO_Init
 .text.LCD_IO_Init
                0x08000e1c        0xe ./Core/Src/ili9325.o
                0x08000e1c                LCD_IO_Init
 *fill*         0x08000e2a        0x2 
 .text.LCD_IO_WriteMultipleData
                0x08000e2c       0x48 ./Core/Src/ili9325.o
                0x08000e2c                LCD_IO_WriteMultipleData
 .text.LCD_IO_WriteReg
                0x08000e74       0x20 ./Core/Src/ili9325.o
                0x08000e74                LCD_IO_WriteReg
 .text.LCD_IO_ReadData
                0x08000e94       0x18 ./Core/Src/ili9325.o
                0x08000e94                LCD_IO_ReadData
 .text.ili9325_Init
                0x08000eac      0x1f2 ./Core/Src/ili9325.o
                0x08000eac                ili9325_Init
 .text.ili9325_DisplayOn
                0x0800109e       0x62 ./Core/Src/ili9325.o
                0x0800109e                ili9325_DisplayOn
 .text.ili9325_DisplayOff
                0x08001100       0x38 ./Core/Src/ili9325.o
                0x08001100                ili9325_DisplayOff
 .text.ili9325_GetLcdPixelWidth
                0x08001138       0x12 ./Core/Src/ili9325.o
                0x08001138                ili9325_GetLcdPixelWidth
 .text.ili9325_GetLcdPixelHeight
                0x0800114a       0x10 ./Core/Src/ili9325.o
                0x0800114a                ili9325_GetLcdPixelHeight
 .text.ili9325_ReadID
                0x0800115a       0x14 ./Core/Src/ili9325.o
                0x0800115a                ili9325_ReadID
 .text.ili9325_SetCursor
                0x0800116e       0x32 ./Core/Src/ili9325.o
                0x0800116e                ili9325_SetCursor
 .text.ili9325_WritePixel
                0x080011a0       0x36 ./Core/Src/ili9325.o
                0x080011a0                ili9325_WritePixel
 .text.ili9325_ReadPixel
                0x080011d6       0x34 ./Core/Src/ili9325.o
                0x080011d6                ili9325_ReadPixel
 .text.ili9325_WriteReg
                0x0800120a       0x2a ./Core/Src/ili9325.o
                0x0800120a                ili9325_WriteReg
 .text.ili9325_ReadReg
                0x08001234       0x20 ./Core/Src/ili9325.o
                0x08001234                ili9325_ReadReg
 .text.ili9325_SetDisplayWindow
                0x08001254       0x6a ./Core/Src/ili9325.o
                0x08001254                ili9325_SetDisplayWindow
 *fill*         0x080012be        0x2 
 .text.ili9325_DrawHLine
                0x080012c0       0x6c ./Core/Src/ili9325.o
                0x080012c0                ili9325_DrawHLine
 .text.ili9325_DrawVLine
                0x0800132c       0x80 ./Core/Src/ili9325.o
                0x0800132c                ili9325_DrawVLine
 .text.ili9325_DrawBitmap
                0x080013ac       0x9c ./Core/Src/ili9325.o
                0x080013ac                ili9325_DrawBitmap
 .text.ili9325_DrawRGBImage
                0x08001448       0x52 ./Core/Src/ili9325.o
                0x08001448                ili9325_DrawRGBImage
 *fill*         0x0800149a        0x2 
 .text.ili9325_Clear
                0x0800149c       0x40 ./Core/Src/ili9325.o
                0x0800149c                ili9325_Clear
 .text.main     0x080014dc      0x23c ./Core/Src/main.o
                0x080014dc                main
 .text.SystemClock_Config
                0x08001718       0xd4 ./Core/Src/main.o
                0x08001718                SystemClock_Config
 .text.LCD_TFT_Init_Calib
                0x080017ec       0x78 ./Core/Src/main.o
                0x080017ec                LCD_TFT_Init_Calib
 .text.Encode_Message_Raw
                0x08001864       0x98 ./Core/Src/main.o
                0x08001864                Encode_Message_Raw
 .text.Encode_Message_FFT_f32
                0x080018fc       0x98 ./Core/Src/main.o
                0x080018fc                Encode_Message_FFT_f32
 .text.Error_Handler
                0x08001994        0xc ./Core/Src/main.o
                0x08001994                Error_Handler
 .text.BSP_LCD_Init
                0x080019a0       0x64 ./Core/Src/openx07v_c_lcd.o
                0x080019a0                BSP_LCD_Init
 .text.BSP_LCD_GetXSize
                0x08001a04       0x18 ./Core/Src/openx07v_c_lcd.o
                0x08001a04                BSP_LCD_GetXSize
 .text.BSP_LCD_GetYSize
                0x08001a1c       0x18 ./Core/Src/openx07v_c_lcd.o
                0x08001a1c                BSP_LCD_GetYSize
 .text.BSP_LCD_SetTextColor
                0x08001a34       0x20 ./Core/Src/openx07v_c_lcd.o
                0x08001a34                BSP_LCD_SetTextColor
 .text.BSP_LCD_SetBackColor
                0x08001a54       0x20 ./Core/Src/openx07v_c_lcd.o
                0x08001a54                BSP_LCD_SetBackColor
 .text.BSP_LCD_SetFont
                0x08001a74       0x20 ./Core/Src/openx07v_c_lcd.o
                0x08001a74                BSP_LCD_SetFont
 .text.BSP_LCD_GetFont
                0x08001a94       0x18 ./Core/Src/openx07v_c_lcd.o
                0x08001a94                BSP_LCD_GetFont
 .text.BSP_LCD_Clear
                0x08001aac       0x68 ./Core/Src/openx07v_c_lcd.o
                0x08001aac                BSP_LCD_Clear
 .text.BSP_LCD_DisplayChar
                0x08001b14       0x54 ./Core/Src/openx07v_c_lcd.o
                0x08001b14                BSP_LCD_DisplayChar
 .text.BSP_LCD_DisplayStringAt
                0x08001b68      0x11c ./Core/Src/openx07v_c_lcd.o
                0x08001b68                BSP_LCD_DisplayStringAt
 .text.BSP_LCD_DisplayStringAtLine
                0x08001c84       0x2e ./Core/Src/openx07v_c_lcd.o
                0x08001c84                BSP_LCD_DisplayStringAtLine
 *fill*         0x08001cb2        0x2 
 .text.BSP_LCD_DrawHLine
                0x08001cb4       0x74 ./Core/Src/openx07v_c_lcd.o
                0x08001cb4                BSP_LCD_DrawHLine
 .text.BSP_LCD_DrawVLine
                0x08001d28       0x74 ./Core/Src/openx07v_c_lcd.o
                0x08001d28                BSP_LCD_DrawVLine
 .text.BSP_LCD_DrawLine
                0x08001d9c      0x184 ./Core/Src/openx07v_c_lcd.o
                0x08001d9c                BSP_LCD_DrawLine
 .text.BSP_LCD_DrawCircle
                0x08001f20      0x178 ./Core/Src/openx07v_c_lcd.o
                0x08001f20                BSP_LCD_DrawCircle
 .text.BSP_LCD_DrawBitmap
                0x08002098       0x94 ./Core/Src/openx07v_c_lcd.o
                0x08002098                BSP_LCD_DrawBitmap
 .text.BSP_LCD_FillRect
                0x0800212c       0x54 ./Core/Src/openx07v_c_lcd.o
                0x0800212c                BSP_LCD_FillRect
 .text.BSP_LCD_FillCircle
                0x08002180      0x124 ./Core/Src/openx07v_c_lcd.o
                0x08002180                BSP_LCD_FillCircle
 .text.BSP_LCD_DisplayOn
                0x080022a4       0x14 ./Core/Src/openx07v_c_lcd.o
                0x080022a4                BSP_LCD_DisplayOn
 .text.LCD_DrawPixel
                0x080022b8       0x38 ./Core/Src/openx07v_c_lcd.o
 .text.LCD_DrawChar
                0x080022f0      0x1e4 ./Core/Src/openx07v_c_lcd.o
 .text.LCD_SetDisplayWindow
                0x080024d4       0x44 ./Core/Src/openx07v_c_lcd.o
 .text.MX_SPI2_Init
                0x08002518       0x6c ./Core/Src/spi.o
                0x08002518                MX_SPI2_Init
 .text.HAL_SPI_MspInit
                0x08002584       0xa0 ./Core/Src/spi.o
                0x08002584                HAL_SPI_MspInit
 .text.HAL_MspInit
                0x08002624       0x50 ./Core/Src/stm32f4xx_hal_msp.o
                0x08002624                HAL_MspInit
 .text.NMI_Handler
                0x08002674        0x8 ./Core/Src/stm32f4xx_it.o
                0x08002674                NMI_Handler
 .text.HardFault_Handler
                0x0800267c        0x8 ./Core/Src/stm32f4xx_it.o
                0x0800267c                HardFault_Handler
 .text.MemManage_Handler
                0x08002684        0x8 ./Core/Src/stm32f4xx_it.o
                0x08002684                MemManage_Handler
 .text.BusFault_Handler
                0x0800268c        0x8 ./Core/Src/stm32f4xx_it.o
                0x0800268c                BusFault_Handler
 .text.UsageFault_Handler
                0x08002694        0x8 ./Core/Src/stm32f4xx_it.o
                0x08002694                UsageFault_Handler
 .text.SVC_Handler
                0x0800269c        0xe ./Core/Src/stm32f4xx_it.o
                0x0800269c                SVC_Handler
 .text.DebugMon_Handler
                0x080026aa        0xe ./Core/Src/stm32f4xx_it.o
                0x080026aa                DebugMon_Handler
 .text.PendSV_Handler
                0x080026b8        0xe ./Core/Src/stm32f4xx_it.o
                0x080026b8                PendSV_Handler
 .text.SysTick_Handler
                0x080026c6        0xc ./Core/Src/stm32f4xx_it.o
                0x080026c6                SysTick_Handler
 *fill*         0x080026d2        0x2 
 .text.SPI2_IRQHandler
                0x080026d4       0x14 ./Core/Src/stm32f4xx_it.o
                0x080026d4                SPI2_IRQHandler
 .text.USART3_IRQHandler
                0x080026e8       0x14 ./Core/Src/stm32f4xx_it.o
                0x080026e8                USART3_IRQHandler
 .text.TIM7_IRQHandler
                0x080026fc       0x3c ./Core/Src/stm32f4xx_it.o
                0x080026fc                TIM7_IRQHandler
 .text.DMA2_Stream0_IRQHandler
                0x08002738       0x14 ./Core/Src/stm32f4xx_it.o
                0x08002738                DMA2_Stream0_IRQHandler
 .text.SystemInit
                0x0800274c       0x24 ./Core/Src/system_stm32f4xx.o
                0x0800274c                SystemInit
 .text.MX_TIM7_Init
                0x08002770       0x6c ./Core/Src/tim.o
                0x08002770                MX_TIM7_Init
 .text.HAL_TIM_Base_MspInit
                0x080027dc       0x50 ./Core/Src/tim.o
                0x080027dc                HAL_TIM_Base_MspInit
 .text.DelayUS  0x0800282c       0x28 ./Core/Src/touch_panel.o
                0x0800282c                DelayUS
 .text.WR_CMD   0x08002854       0x24 ./Core/Src/touch_panel.o
 .text.RD_AD    0x08002878       0x34 ./Core/Src/touch_panel.o
 .text.Read_X   0x080028ac       0x40 ./Core/Src/touch_panel.o
                0x080028ac                Read_X
 .text.Read_Y   0x080028ec       0x40 ./Core/Src/touch_panel.o
                0x080028ec                Read_Y
 .text.TP_GetAdXY
                0x0800292c       0x30 ./Core/Src/touch_panel.o
                0x0800292c                TP_GetAdXY
 .text.DrawCross
                0x0800295c       0x58 ./Core/Src/touch_panel.o
                0x0800295c                DrawCross
 .text.Read_Ads7846
                0x080029b4      0x278 ./Core/Src/touch_panel.o
                0x080029b4                Read_Ads7846
 .text.setCalibrationMatrix
                0x08002c2c      0x31a ./Core/Src/touch_panel.o
                0x08002c2c                setCalibrationMatrix
 *fill*         0x08002f46        0x2 
 .text.TouchPanel_Calibrate
                0x08002f48       0xc4 ./Core/Src/touch_panel.o
                0x08002f48                TouchPanel_Calibrate
 .text.MX_USART3_UART_Init
                0x0800300c       0x54 ./Core/Src/usart.o
                0x0800300c                MX_USART3_UART_Init
 .text.HAL_UART_MspInit
                0x08003060       0xa0 ./Core/Src/usart.o
                0x08003060                HAL_UART_MspInit
 .text.Reset_Handler
                0x08003100       0x50 ./Core/Startup/startup_stm32f407vetx.o
                0x08003100                Reset_Handler
 .text.Default_Handler
                0x08003150        0x2 ./Core/Startup/startup_stm32f407vetx.o
                0x08003150                RTC_Alarm_IRQHandler
                0x08003150                HASH_RNG_IRQHandler
                0x08003150                EXTI2_IRQHandler
                0x08003150                TIM8_CC_IRQHandler
                0x08003150                TIM1_CC_IRQHandler
                0x08003150                DMA2_Stream5_IRQHandler
                0x08003150                DMA1_Stream5_IRQHandler
                0x08003150                PVD_IRQHandler
                0x08003150                SDIO_IRQHandler
                0x08003150                TAMP_STAMP_IRQHandler
                0x08003150                CAN2_RX1_IRQHandler
                0x08003150                EXTI3_IRQHandler
                0x08003150                TIM8_TRG_COM_TIM14_IRQHandler
                0x08003150                TIM1_UP_TIM10_IRQHandler
                0x08003150                TIM8_UP_TIM13_IRQHandler
                0x08003150                I2C3_ER_IRQHandler
                0x08003150                EXTI0_IRQHandler
                0x08003150                I2C2_EV_IRQHandler
                0x08003150                DMA1_Stream2_IRQHandler
                0x08003150                CAN1_RX0_IRQHandler
                0x08003150                FPU_IRQHandler
                0x08003150                OTG_HS_WKUP_IRQHandler
                0x08003150                CAN2_SCE_IRQHandler
                0x08003150                DMA2_Stream2_IRQHandler
                0x08003150                SPI1_IRQHandler
                0x08003150                TIM6_DAC_IRQHandler
                0x08003150                TIM1_BRK_TIM9_IRQHandler
                0x08003150                DCMI_IRQHandler
                0x08003150                CAN2_RX0_IRQHandler
                0x08003150                DMA2_Stream3_IRQHandler
                0x08003150                USART6_IRQHandler
                0x08003150                CAN1_RX1_IRQHandler
                0x08003150                UART5_IRQHandler
                0x08003150                TIM4_IRQHandler
                0x08003150                I2C1_EV_IRQHandler
                0x08003150                DMA1_Stream6_IRQHandler
                0x08003150                DMA1_Stream1_IRQHandler
                0x08003150                UART4_IRQHandler
                0x08003150                TIM3_IRQHandler
                0x08003150                RCC_IRQHandler
                0x08003150                TIM8_BRK_TIM12_IRQHandler
                0x08003150                Default_Handler
                0x08003150                EXTI15_10_IRQHandler
                0x08003150                ADC_IRQHandler
                0x08003150                DMA1_Stream7_IRQHandler
                0x08003150                CAN2_TX_IRQHandler
                0x08003150                TIM5_IRQHandler
                0x08003150                DMA2_Stream7_IRQHandler
                0x08003150                I2C3_EV_IRQHandler
                0x08003150                EXTI9_5_IRQHandler
                0x08003150                RTC_WKUP_IRQHandler
                0x08003150                ETH_WKUP_IRQHandler
                0x08003150                OTG_HS_EP1_IN_IRQHandler
                0x08003150                DMA1_Stream0_IRQHandler
                0x08003150                CAN1_TX_IRQHandler
                0x08003150                EXTI4_IRQHandler
                0x08003150                FSMC_IRQHandler
                0x08003150                ETH_IRQHandler
                0x08003150                OTG_HS_EP1_OUT_IRQHandler
                0x08003150                WWDG_IRQHandler
                0x08003150                TIM2_IRQHandler
                0x08003150                OTG_FS_WKUP_IRQHandler
                0x08003150                TIM1_TRG_COM_TIM11_IRQHandler
                0x08003150                OTG_HS_IRQHandler
                0x08003150                EXTI1_IRQHandler
                0x08003150                USART2_IRQHandler
                0x08003150                I2C2_ER_IRQHandler
                0x08003150                DMA2_Stream1_IRQHandler
                0x08003150                CAN1_SCE_IRQHandler
                0x08003150                FLASH_IRQHandler
                0x08003150                DMA2_Stream4_IRQHandler
                0x08003150                USART1_IRQHandler
                0x08003150                OTG_FS_IRQHandler
                0x08003150                SPI3_IRQHandler
                0x08003150                DMA1_Stream4_IRQHandler
                0x08003150                I2C1_ER_IRQHandler
                0x08003150                DMA2_Stream6_IRQHandler
                0x08003150                DMA1_Stream3_IRQHandler
 .text.arm_cmplx_mag_f32
                0x08003152       0x88 ./Drivers/CMSIS/DSP/Source/ComplexMathFunctions/arm_cmplx_mag_f32.o
                0x08003152                arm_cmplx_mag_f32
 .text.arm_bitreversal_f32
                0x080031da      0x1bc ./Drivers/CMSIS/DSP/Source/TransformFunctions/arm_bitreversal.o
                0x080031da                arm_bitreversal_f32
 .text.arm_cfft_radix4_f32
                0x08003396       0x66 ./Drivers/CMSIS/DSP/Source/TransformFunctions/arm_cfft_radix4_f32.o
                0x08003396                arm_cfft_radix4_f32
 .text.arm_radix4_butterfly_f32
                0x080033fc      0x392 ./Drivers/CMSIS/DSP/Source/TransformFunctions/arm_cfft_radix4_f32.o
                0x080033fc                arm_radix4_butterfly_f32
 .text.arm_radix4_butterfly_inverse_f32
                0x0800378e      0x61c ./Drivers/CMSIS/DSP/Source/TransformFunctions/arm_cfft_radix4_f32.o
                0x0800378e                arm_radix4_butterfly_inverse_f32
 *fill*         0x08003daa        0x2 
 .text.arm_cfft_radix4_init_f32
                0x08003dac      0x12c ./Drivers/CMSIS/DSP/Source/TransformFunctions/arm_cfft_radix4_init_f32.o
                0x08003dac                arm_cfft_radix4_init_f32
 .text.HAL_Init
                0x08003ed8       0x44 ./Drivers/STM32F4xx_HAL_Driver/Src/stm32f4xx_hal.o
                0x08003ed8                HAL_Init
 .text.HAL_InitTick
                0x08003f1c       0x60 ./Drivers/STM32F4xx_HAL_Driver/Src/stm32f4xx_hal.o
                0x08003f1c                HAL_InitTick
 .text.HAL_IncTick
                0x08003f7c       0x28 ./Drivers/STM32F4xx_HAL_Driver/Src/stm32f4xx_hal.o
                0x08003f7c                HAL_IncTick
 .text.HAL_GetTick
                0x08003fa4       0x18 ./Drivers/STM32F4xx_HAL_Driver/Src/stm32f4xx_hal.o
                0x08003fa4                HAL_GetTick
 .text.HAL_Delay
                0x08003fbc       0x48 ./Drivers/STM32F4xx_HAL_Driver/Src/stm32f4xx_hal.o
                0x08003fbc                HAL_Delay
 .text.HAL_ADC_Init
                0x08004004       0x86 ./Drivers/STM32F4xx_HAL_Driver/Src/stm32f4xx_hal_adc.o
                0x08004004                HAL_ADC_Init
 *fill*         0x0800408a        0x2 
 .text.HAL_ADC_Start_DMA
                0x0800408c      0x228 ./Drivers/STM32F4xx_HAL_Driver/Src/stm32f4xx_hal_adc.o
                0x0800408c                HAL_ADC_Start_DMA
 .text.HAL_ADC_ConvCpltCallback
                0x080042b4       0x14 ./Drivers/STM32F4xx_HAL_Driver/Src/stm32f4xx_hal_adc.o
                0x080042b4                HAL_ADC_ConvCpltCallback
 .text.HAL_ADC_ConvHalfCpltCallback
                0x080042c8       0x14 ./Drivers/STM32F4xx_HAL_Driver/Src/stm32f4xx_hal_adc.o
                0x080042c8                HAL_ADC_ConvHalfCpltCallback
 .text.HAL_ADC_ErrorCallback
                0x080042dc       0x14 ./Drivers/STM32F4xx_HAL_Driver/Src/stm32f4xx_hal_adc.o
                0x080042dc                HAL_ADC_ErrorCallback
 .text.HAL_ADC_ConfigChannel
                0x080042f0      0x244 ./Drivers/STM32F4xx_HAL_Driver/Src/stm32f4xx_hal_adc.o
                0x080042f0                HAL_ADC_ConfigChannel
 .text.ADC_Init
                0x08004534      0x1f8 ./Drivers/STM32F4xx_HAL_Driver/Src/stm32f4xx_hal_adc.o
 .text.ADC_DMAConvCplt
                0x0800472c       0xba ./Drivers/STM32F4xx_HAL_Driver/Src/stm32f4xx_hal_adc.o
 .text.ADC_DMAHalfConvCplt
                0x080047e6       0x1c ./Drivers/STM32F4xx_HAL_Driver/Src/stm32f4xx_hal_adc.o
 .text.ADC_DMAError
                0x08004802       0x2e ./Drivers/STM32F4xx_HAL_Driver/Src/stm32f4xx_hal_adc.o
 .text.__NVIC_SetPriorityGrouping
                0x08004830       0x48 ./Drivers/STM32F4xx_HAL_Driver/Src/stm32f4xx_hal_cortex.o
 .text.__NVIC_GetPriorityGrouping
                0x08004878       0x1c ./Drivers/STM32F4xx_HAL_Driver/Src/stm32f4xx_hal_cortex.o
 .text.__NVIC_EnableIRQ
                0x08004894       0x3c ./Drivers/STM32F4xx_HAL_Driver/Src/stm32f4xx_hal_cortex.o
 .text.__NVIC_SetPriority
                0x080048d0       0x54 ./Drivers/STM32F4xx_HAL_Driver/Src/stm32f4xx_hal_cortex.o
 .text.NVIC_EncodePriority
                0x08004924       0x66 ./Drivers/STM32F4xx_HAL_Driver/Src/stm32f4xx_hal_cortex.o
 *fill*         0x0800498a        0x2 
 .text.SysTick_Config
                0x0800498c       0x44 ./Drivers/STM32F4xx_HAL_Driver/Src/stm32f4xx_hal_cortex.o
 .text.HAL_NVIC_SetPriorityGrouping
                0x080049d0       0x16 ./Drivers/STM32F4xx_HAL_Driver/Src/stm32f4xx_hal_cortex.o
                0x080049d0                HAL_NVIC_SetPriorityGrouping
 .text.HAL_NVIC_SetPriority
                0x080049e6       0x38 ./Drivers/STM32F4xx_HAL_Driver/Src/stm32f4xx_hal_cortex.o
                0x080049e6                HAL_NVIC_SetPriority
 .text.HAL_NVIC_EnableIRQ
                0x08004a1e       0x1c ./Drivers/STM32F4xx_HAL_Driver/Src/stm32f4xx_hal_cortex.o
                0x08004a1e                HAL_NVIC_EnableIRQ
 .text.HAL_SYSTICK_Config
                0x08004a3a       0x18 ./Drivers/STM32F4xx_HAL_Driver/Src/stm32f4xx_hal_cortex.o
                0x08004a3a                HAL_SYSTICK_Config
 *fill*         0x08004a52        0x2 
 .text.HAL_DMA_Init
                0x08004a54      0x15c ./Drivers/STM32F4xx_HAL_Driver/Src/stm32f4xx_hal_dma.o
                0x08004a54                HAL_DMA_Init
 .text.HAL_DMA_Start_IT
                0x08004bb0       0xb0 ./Drivers/STM32F4xx_HAL_Driver/Src/stm32f4xx_hal_dma.o
                0x08004bb0                HAL_DMA_Start_IT
 .text.HAL_DMA_Abort
                0x08004c60       0xe0 ./Drivers/STM32F4xx_HAL_Driver/Src/stm32f4xx_hal_dma.o
                0x08004c60                HAL_DMA_Abort
 .text.HAL_DMA_Abort_IT
                0x08004d40       0x44 ./Drivers/STM32F4xx_HAL_Driver/Src/stm32f4xx_hal_dma.o
                0x08004d40                HAL_DMA_Abort_IT
 .text.HAL_DMA_IRQHandler
                0x08004d84      0x314 ./Drivers/STM32F4xx_HAL_Driver/Src/stm32f4xx_hal_dma.o
                0x08004d84                HAL_DMA_IRQHandler
 .text.DMA_SetConfig
                0x08005098       0x5c ./Drivers/STM32F4xx_HAL_Driver/Src/stm32f4xx_hal_dma.o
 .text.DMA_CalcBaseAndBitshift
                0x080050f4       0x6c ./Drivers/STM32F4xx_HAL_Driver/Src/stm32f4xx_hal_dma.o
 .text.DMA_CheckFifoParam
                0x08005160       0xf8 ./Drivers/STM32F4xx_HAL_Driver/Src/stm32f4xx_hal_dma.o
 .text.HAL_GPIO_Init
                0x08005258      0x338 ./Drivers/STM32F4xx_HAL_Driver/Src/stm32f4xx_hal_gpio.o
                0x08005258                HAL_GPIO_Init
 .text.HAL_GPIO_ReadPin
                0x08005590       0x30 ./Drivers/STM32F4xx_HAL_Driver/Src/stm32f4xx_hal_gpio.o
                0x08005590                HAL_GPIO_ReadPin
 .text.HAL_GPIO_WritePin
                0x080055c0       0x32 ./Drivers/STM32F4xx_HAL_Driver/Src/stm32f4xx_hal_gpio.o
                0x080055c0                HAL_GPIO_WritePin
 *fill*         0x080055f2        0x2 
 .text.HAL_RCC_OscConfig
                0x080055f4      0x4f0 ./Drivers/STM32F4xx_HAL_Driver/Src/stm32f4xx_hal_rcc.o
                0x080055f4                HAL_RCC_OscConfig
 .text.HAL_RCC_ClockConfig
                0x08005ae4      0x1cc ./Drivers/STM32F4xx_HAL_Driver/Src/stm32f4xx_hal_rcc.o
                0x08005ae4                HAL_RCC_ClockConfig
 .text.HAL_RCC_GetSysClockFreq
                0x08005cb0      0x20c ./Drivers/STM32F4xx_HAL_Driver/Src/stm32f4xx_hal_rcc.o
                0x08005cb0                HAL_RCC_GetSysClockFreq
 .text.HAL_RCC_GetHCLKFreq
                0x08005ebc       0x18 ./Drivers/STM32F4xx_HAL_Driver/Src/stm32f4xx_hal_rcc.o
                0x08005ebc                HAL_RCC_GetHCLKFreq
 .text.HAL_RCC_GetPCLK1Freq
                0x08005ed4       0x28 ./Drivers/STM32F4xx_HAL_Driver/Src/stm32f4xx_hal_rcc.o
                0x08005ed4                HAL_RCC_GetPCLK1Freq
 .text.HAL_RCC_GetPCLK2Freq
                0x08005efc       0x28 ./Drivers/STM32F4xx_HAL_Driver/Src/stm32f4xx_hal_rcc.o
                0x08005efc                HAL_RCC_GetPCLK2Freq
 .text.HAL_SPI_Init
                0x08005f24      0x112 ./Drivers/STM32F4xx_HAL_Driver/Src/stm32f4xx_hal_spi.o
                0x08005f24                HAL_SPI_Init
 .text.HAL_SPI_Transmit
                0x08006036      0x288 ./Drivers/STM32F4xx_HAL_Driver/Src/stm32f4xx_hal_spi.o
                0x08006036                HAL_SPI_Transmit
 .text.HAL_SPI_Receive
                0x080062be      0x232 ./Drivers/STM32F4xx_HAL_Driver/Src/stm32f4xx_hal_spi.o
                0x080062be                HAL_SPI_Receive
 .text.HAL_SPI_TransmitReceive
                0x080064f0      0x352 ./Drivers/STM32F4xx_HAL_Driver/Src/stm32f4xx_hal_spi.o
                0x080064f0                HAL_SPI_TransmitReceive
 *fill*         0x08006842        0x2 
 .text.HAL_SPI_IRQHandler
                0x08006844      0x200 ./Drivers/STM32F4xx_HAL_Driver/Src/stm32f4xx_hal_spi.o
                0x08006844                HAL_SPI_IRQHandler
 .text.HAL_SPI_ErrorCallback
                0x08006a44       0x14 ./Drivers/STM32F4xx_HAL_Driver/Src/stm32f4xx_hal_spi.o
                0x08006a44                HAL_SPI_ErrorCallback
 .text.SPI_DMAAbortOnError
                0x08006a58       0x28 ./Drivers/STM32F4xx_HAL_Driver/Src/stm32f4xx_hal_spi.o
 .text.SPI_WaitFlagStateUntilTimeout
                0x08006a80      0x110 ./Drivers/STM32F4xx_HAL_Driver/Src/stm32f4xx_hal_spi.o
 .text.SPI_EndRxTransaction
                0x08006b90       0xca ./Drivers/STM32F4xx_HAL_Driver/Src/stm32f4xx_hal_spi.o
 *fill*         0x08006c5a        0x2 
 .text.SPI_EndRxTxTransaction
                0x08006c5c       0xa8 ./Drivers/STM32F4xx_HAL_Driver/Src/stm32f4xx_hal_spi.o
 .text.HAL_SRAM_Init
                0x08006d04       0x90 ./Drivers/STM32F4xx_HAL_Driver/Src/stm32f4xx_hal_sram.o
                0x08006d04                HAL_SRAM_Init
 .text.HAL_TIM_Base_Init
                0x08006d94       0x9e ./Drivers/STM32F4xx_HAL_Driver/Src/stm32f4xx_hal_tim.o
                0x08006d94                HAL_TIM_Base_Init
 *fill*         0x08006e32        0x2 
 .text.HAL_TIM_Base_Start_IT
                0x08006e34       0xe0 ./Drivers/STM32F4xx_HAL_Driver/Src/stm32f4xx_hal_tim.o
                0x08006e34                HAL_TIM_Base_Start_IT
 .text.HAL_TIM_IRQHandler
                0x08006f14      0x1e0 ./Drivers/STM32F4xx_HAL_Driver/Src/stm32f4xx_hal_tim.o
                0x08006f14                HAL_TIM_IRQHandler
 .text.HAL_TIM_PeriodElapsedCallback
                0x080070f4       0x14 ./Drivers/STM32F4xx_HAL_Driver/Src/stm32f4xx_hal_tim.o
                0x080070f4                HAL_TIM_PeriodElapsedCallback
 .text.HAL_TIM_OC_DelayElapsedCallback
                0x08007108       0x14 ./Drivers/STM32F4xx_HAL_Driver/Src/stm32f4xx_hal_tim.o
                0x08007108                HAL_TIM_OC_DelayElapsedCallback
 .text.HAL_TIM_IC_CaptureCallback
                0x0800711c       0x14 ./Drivers/STM32F4xx_HAL_Driver/Src/stm32f4xx_hal_tim.o
                0x0800711c                HAL_TIM_IC_CaptureCallback
 .text.HAL_TIM_PWM_PulseFinishedCallback
                0x08007130       0x14 ./Drivers/STM32F4xx_HAL_Driver/Src/stm32f4xx_hal_tim.o
                0x08007130                HAL_TIM_PWM_PulseFinishedCallback
 .text.HAL_TIM_TriggerCallback
                0x08007144       0x14 ./Drivers/STM32F4xx_HAL_Driver/Src/stm32f4xx_hal_tim.o
                0x08007144                HAL_TIM_TriggerCallback
 .text.TIM_Base_SetConfig
                0x08007158      0x14c ./Drivers/STM32F4xx_HAL_Driver/Src/stm32f4xx_hal_tim.o
                0x08007158                TIM_Base_SetConfig
 .text.HAL_TIMEx_MasterConfigSynchronization
                0x080072a4       0xf8 ./Drivers/STM32F4xx_HAL_Driver/Src/stm32f4xx_hal_tim_ex.o
                0x080072a4                HAL_TIMEx_MasterConfigSynchronization
 .text.HAL_TIMEx_CommutCallback
                0x0800739c       0x14 ./Drivers/STM32F4xx_HAL_Driver/Src/stm32f4xx_hal_tim_ex.o
                0x0800739c                HAL_TIMEx_CommutCallback
 .text.HAL_TIMEx_BreakCallback
                0x080073b0       0x14 ./Drivers/STM32F4xx_HAL_Driver/Src/stm32f4xx_hal_tim_ex.o
                0x080073b0                HAL_TIMEx_BreakCallback
 .text.HAL_UART_Init
                0x080073c4       0xa0 ./Drivers/STM32F4xx_HAL_Driver/Src/stm32f4xx_hal_uart.o
                0x080073c4                HAL_UART_Init
 .text.HAL_UART_Transmit
                0x08007464      0x116 ./Drivers/STM32F4xx_HAL_Driver/Src/stm32f4xx_hal_uart.o
                0x08007464                HAL_UART_Transmit
 *fill*         0x0800757a        0x2 
 .text.HAL_UART_IRQHandler
                0x0800757c      0x554 ./Drivers/STM32F4xx_HAL_Driver/Src/stm32f4xx_hal_uart.o
                0x0800757c                HAL_UART_IRQHandler
 .text.HAL_UART_TxCpltCallback
                0x08007ad0       0x14 ./Drivers/STM32F4xx_HAL_Driver/Src/stm32f4xx_hal_uart.o
                0x08007ad0                HAL_UART_TxCpltCallback
 .text.HAL_UART_RxCpltCallback
                0x08007ae4       0x14 ./Drivers/STM32F4xx_HAL_Driver/Src/stm32f4xx_hal_uart.o
                0x08007ae4                HAL_UART_RxCpltCallback
 .text.HAL_UART_ErrorCallback
                0x08007af8       0x14 ./Drivers/STM32F4xx_HAL_Driver/Src/stm32f4xx_hal_uart.o
                0x08007af8                HAL_UART_ErrorCallback
 .text.HAL_UARTEx_RxEventCallback
                0x08007b0c       0x18 ./Drivers/STM32F4xx_HAL_Driver/Src/stm32f4xx_hal_uart.o
                0x08007b0c                HAL_UARTEx_RxEventCallback
 .text.UART_WaitOnFlagUntilTimeout
                0x08007b24       0xb2 ./Drivers/STM32F4xx_HAL_Driver/Src/stm32f4xx_hal_uart.o
 .text.UART_EndRxTransfer
                0x08007bd6       0xc6 ./Drivers/STM32F4xx_HAL_Driver/Src/stm32f4xx_hal_uart.o
 .text.UART_DMAAbortOnError
                0x08007c9c       0x22 ./Drivers/STM32F4xx_HAL_Driver/Src/stm32f4xx_hal_uart.o
 .text.UART_Transmit_IT
                0x08007cbe       0xa0 ./Drivers/STM32F4xx_HAL_Driver/Src/stm32f4xx_hal_uart.o
 .text.UART_EndTransmit_IT
                0x08007d5e       0x30 ./Drivers/STM32F4xx_HAL_Driver/Src/stm32f4xx_hal_uart.o
 .text.UART_Receive_IT
                0x08007d8e      0x17c ./Drivers/STM32F4xx_HAL_Driver/Src/stm32f4xx_hal_uart.o
 *fill*         0x08007f0a        0x2 
 .text.UART_SetConfig
                0x08007f0c      0x4e8 ./Drivers/STM32F4xx_HAL_Driver/Src/stm32f4xx_hal_uart.o
 .text.FSMC_NORSRAM_Init
                0x080083f4       0xd4 ./Drivers/STM32F4xx_HAL_Driver/Src/stm32f4xx_ll_fsmc.o
                0x080083f4                FSMC_NORSRAM_Init
 .text.FSMC_NORSRAM_Timing_Init
                0x080084c8       0x5c ./Drivers/STM32F4xx_HAL_Driver/Src/stm32f4xx_ll_fsmc.o
                0x080084c8                FSMC_NORSRAM_Timing_Init
 .text.FSMC_NORSRAM_Extended_Timing_Init
                0x08008524       0x70 ./Drivers/STM32F4xx_HAL_Driver/Src/stm32f4xx_ll_fsmc.o
                0x08008524                FSMC_NORSRAM_Extended_Timing_Init
 .text.memmove  0x08008594       0x32 C:/ST/STM32CubeIDE_2.1.1/STM32CubeIDE/plugins/com.st.stm32cube.ide.mcu.externaltools.gnu-tools-for-stm32.14.3.rel1.win32_1.0.100.202602081740/tools/bin/../lib/gcc/arm-none-eabi/14.3.1/../../../../arm-none-eabi/lib/thumb/v7e-m+fp/hard\libc_nano.a(libc_a-memmove.o)
                0x08008594                memmove
 .text.memset   0x080085c6       0x10 C:/ST/STM32CubeIDE_2.1.1/STM32CubeIDE/plugins/com.st.stm32cube.ide.mcu.externaltools.gnu-tools-for-stm32.14.3.rel1.win32_1.0.100.202602081740/tools/bin/../lib/gcc/arm-none-eabi/14.3.1/../../../../arm-none-eabi/lib/thumb/v7e-m+fp/hard\libc_nano.a(libc_a-memset.o)
                0x080085c6                memset
 *fill*         0x080085d6        0x2 
 .text.__errno  0x080085d8        0xc C:/ST/STM32CubeIDE_2.1.1/STM32CubeIDE/plugins/com.st.stm32cube.ide.mcu.externaltools.gnu-tools-for-stm32.14.3.rel1.win32_1.0.100.202602081740/tools/bin/../lib/gcc/arm-none-eabi/14.3.1/../../../../arm-none-eabi/lib/thumb/v7e-m+fp/hard\libc_nano.a(libc_a-errno.o)
                0x080085d8                __errno
 .text.__libc_init_array
                0x080085e4       0x48 C:/ST/STM32CubeIDE_2.1.1/STM32CubeIDE/plugins/com.st.stm32cube.ide.mcu.externaltools.gnu-tools-for-stm32.14.3.rel1.win32_1.0.100.202602081740/tools/bin/../lib/gcc/arm-none-eabi/14.3.1/../../../../arm-none-eabi/lib/thumb/v7e-m+fp/hard\libc_nano.a(libc_a-init.o)
                0x080085e4                __libc_init_array
 .text.sqrtf    0x0800862c       0x44 C:/ST/STM32CubeIDE_2.1.1/STM32CubeIDE/plugins/com.st.stm32cube.ide.mcu.externaltools.gnu-tools-for-stm32.14.3.rel1.win32_1.0.100.202602081740/tools/bin/../lib/gcc/arm-none-eabi/14.3.1/../../../../arm-none-eabi/lib/thumb/v7e-m+fp/hard\libm.a(libm_a-wf_sqrt.o)
                0x0800862c                sqrtf
 .text.__ieee754_sqrtf
                0x08008670        0x8 C:/ST/STM32CubeIDE_2.1.1/STM32CubeIDE/plugins/com.st.stm32cube.ide.mcu.externaltools.gnu-tools-for-stm32.14.3.rel1.win32_1.0.100.202602081740/tools/bin/../lib/gcc/arm-none-eabi/14.3.1/../../../../arm-none-eabi/lib/thumb/v7e-m+fp/hard\libm.a(libm_a-ef_sqrt.o)
                0x08008670                __ieee754_sqrtf
 *(.glue_7)
 .glue_7        0x08008678        0x0 linker stubs
 *(.glue_7t)
 .glue_7t       0x08008678        0x0 linker stubs
 *(.eh_frame)
 .eh_frame      0x08008678        0x0 C:/ST/STM32CubeIDE_2.1.1/STM32CubeIDE/plugins/com.st.stm32cube.ide.mcu.externaltools.gnu-tools-for-stm32.14.3.rel1.win32_1.0.100.202602081740/tools/bin/../lib/gcc/arm-none-eabi/14.3.1/thumb/v7e-m+fp/hard/crtbegin.o
 *(.init)
 .init          0x08008678        0x4 C:/ST/STM32CubeIDE_2.1.1/STM32CubeIDE/plugins/com.st.stm32cube.ide.mcu.externaltools.gnu-tools-for-stm32.14.3.rel1.win32_1.0.100.202602081740/tools/bin/../lib/gcc/arm-none-eabi/14.3.1/thumb/v7e-m+fp/hard/crti.o
                0x08008678                _init
 .init          0x0800867c        0x8 C:/ST/STM32CubeIDE_2.1.1/STM32CubeIDE/plugins/com.st.stm32cube.ide.mcu.externaltools.gnu-tools-for-stm32.14.3.rel1.win32_1.0.100.202602081740/tools/bin/../lib/gcc/arm-none-eabi/14.3.1/thumb/v7e-m+fp/hard/crtn.o
 *(.fini)
 .fini          0x08008684        0x4 C:/ST/STM32CubeIDE_2.1.1/STM32CubeIDE/plugins/com.st.stm32cube.ide.mcu.externaltools.gnu-tools-for-stm32.14.3.rel1.win32_1.0.100.202602081740/tools/bin/../lib/gcc/arm-none-eabi/14.3.1/thumb/v7e-m+fp/hard/crti.o
                0x08008684                _fini
 .fini          0x08008688        0x8 C:/ST/STM32CubeIDE_2.1.1/STM32CubeIDE/plugins/com.st.stm32cube.ide.mcu.externaltools.gnu-tools-for-stm32.14.3.rel1.win32_1.0.100.202602081740/tools/bin/../lib/gcc/arm-none-eabi/14.3.1/thumb/v7e-m+fp/hard/crtn.o
                0x08008690                        . = ALIGN (0x4)
                0x08008690                        _etext = .

.vfp11_veneer   0x08008690        0x0
 .vfp11_veneer  0x08008690        0x0 linker stubs

.v4_bx          0x08008690        0x0
 .v4_bx         0x08008690        0x0 linker stubs

.iplt           0x08008690        0x0
 .iplt          0x08008690        0x0 C:/ST/STM32CubeIDE_2.1.1/STM32CubeIDE/plugins/com.st.stm32cube.ide.mcu.externaltools.gnu-tools-for-stm32.14.3.rel1.win32_1.0.100.202602081740/tools/bin/../lib/gcc/arm-none-eabi/14.3.1/thumb/v7e-m+fp/hard/crtbegin.o

.rodata         0x08008690     0xa7b4
                0x08008690                        . = ALIGN (0x4)
 *(.rodata)
 .rodata        0x08008690       0x29 ./Core/Src/main.o
 *fill*         0x080086b9        0x3 
 .rodata        0x080086bc       0x3a ./Core/Src/touch_panel.o
 *(.rodata*)
 *fill*         0x080086f6        0x2 
 .rodata.Font12_Table
                0x080086f8      0x474 ./Core/Src/font12.o
                0x080086f8                Font12_Table
 .rodata.Font24_Table
                0x08008b6c     0x1ab8 ./Core/Src/font24.o
                0x08008b6c                Font24_Table
 .rodata.AHBPrescTable
                0x0800a624       0x10 ./Core/Src/system_stm32f4xx.o
                0x0800a624                AHBPrescTable
 .rodata.APBPrescTable
                0x0800a634        0x8 ./Core/Src/system_stm32f4xx.o
                0x0800a634                APBPrescTable
 .rodata.armBitRevTable
                0x0800a63c      0x800 ./Drivers/CMSIS/DSP/Source/CommonTables/arm_common_tables.o
                0x0800a63c                armBitRevTable
 .rodata.twiddleCoef_4096
                0x0800ae3c     0x8000 ./Drivers/CMSIS/DSP/Source/CommonTables/arm_common_tables.o
                0x0800ae3c                twiddleCoef_4096
 .rodata.flagBitshiftOffset.0
                0x08012e3c        0x8 ./Drivers/STM32F4xx_HAL_Driver/Src/stm32f4xx_hal_dma.o
                0x08012e44                        . = ALIGN (0x4)

.ARM.extab      0x08012e44        0x0
                0x08012e44                        . = ALIGN (0x4)
 *(.ARM.extab* .gnu.linkonce.armextab.*)
                0x08012e44                        . = ALIGN (0x4)

.ARM            0x08012e44        0x8
                0x08012e44                        . = ALIGN (0x4)
                0x08012e44                        __exidx_start = .
 *(.ARM.exidx*)
 .ARM.exidx     0x08012e44        0x8 C:/ST/STM32CubeIDE_2.1.1/STM32CubeIDE/plugins/com.st.stm32cube.ide.mcu.externaltools.gnu-tools-for-stm32.14.3.rel1.win32_1.0.100.202602081740/tools/bin/../lib/gcc/arm-none-eabi/14.3.1/thumb/v7e-m+fp/hard\libgcc.a(_udivmoddi4.o)
                0x08012e4c                        __exidx_end = .
                0x08012e4c                        . = ALIGN (0x4)

.preinit_array  0x08012e4c        0x0
                0x08012e4c                        . = ALIGN (0x4)
                0x08012e4c                        PROVIDE (__preinit_array_start = .)
 *(.preinit_array*)
                0x08012e4c                        PROVIDE (__preinit_array_end = .)
                0x08012e4c                        . = ALIGN (0x4)

.init_array     0x08012e4c        0x4
                0x08012e4c                        . = ALIGN (0x4)
                0x08012e4c                        PROVIDE (__init_array_start = .)
 *(SORT_BY_NAME(.init_array.*))
 *(.init_array*)
 .init_array    0x08012e4c        0x4 C:/ST/STM32CubeIDE_2.1.1/STM32CubeIDE/plugins/com.st.stm32cube.ide.mcu.externaltools.gnu-tools-for-stm32.14.3.rel1.win32_1.0.100.202602081740/tools/bin/../lib/gcc/arm-none-eabi/14.3.1/thumb/v7e-m+fp/hard/crtbegin.o
                0x08012e50                        PROVIDE (__init_array_end = .)
                0x08012e50                        . = ALIGN (0x4)

.fini_array     0x08012e50        0x4
                0x08012e50                        . = ALIGN (0x4)
                [!provide]                        PROVIDE (__fini_array_start = .)
 *(SORT_BY_NAME(.fini_array.*))
 *(.fini_array*)
 .fini_array    0x08012e50        0x4 C:/ST/STM32CubeIDE_2.1.1/STM32CubeIDE/plugins/com.st.stm32cube.ide.mcu.externaltools.gnu-tools-for-stm32.14.3.rel1.win32_1.0.100.202602081740/tools/bin/../lib/gcc/arm-none-eabi/14.3.1/thumb/v7e-m+fp/hard/crtbegin.o
                [!provide]                        PROVIDE (__fini_array_end = .)
                0x08012e54                        . = ALIGN (0x4)
                0x08012e54                        _sidata = LOADADDR (.data)

.rel.dyn        0x08012e54        0x0
 .rel.iplt      0x08012e54        0x0 C:/ST/STM32CubeIDE_2.1.1/STM32CubeIDE/plugins/com.st.stm32cube.ide.mcu.externaltools.gnu-tools-for-stm32.14.3.rel1.win32_1.0.100.202602081740/tools/bin/../lib/gcc/arm-none-eabi/14.3.1/thumb/v7e-m+fp/hard/crtbegin.o

.data           0x20000000       0xb4 load address 0x08012e54
                0x20000000                        . = ALIGN (0x4)
                0x20000000                        _sdata = .
 *(.data)
 *(.data*)
 .data.Font12   0x20000000        0x8 ./Core/Src/font12.o
                0x20000000                Font12
 .data.Font24   0x20000008        0x8 ./Core/Src/font24.o
                0x20000008                Font24
 .data.ili9325_drv
                0x20000010       0x3c ./Core/Src/ili9325.o
                0x20000010                ili9325_drv
 .data.SystemCoreClock
                0x2000004c        0x4 ./Core/Src/system_stm32f4xx.o
                0x2000004c                SystemCoreClock
 .data.DisplaySample
                0x20000050        0xc ./Core/Src/touch_panel.o
                0x20000050                DisplaySample
 .data.uwTickPrio
                0x2000005c        0x4 ./Drivers/STM32F4xx_HAL_Driver/Src/stm32f4xx_hal.o
                0x2000005c                uwTickPrio
 .data.uwTickFreq
                0x20000060        0x1 ./Drivers/STM32F4xx_HAL_Driver/Src/stm32f4xx_hal.o
                0x20000060                uwTickFreq
 *fill*         0x20000061        0x3 
 .data._impure_ptr
                0x20000064        0x4 C:/ST/STM32CubeIDE_2.1.1/STM32CubeIDE/plugins/com.st.stm32cube.ide.mcu.externaltools.gnu-tools-for-stm32.14.3.rel1.win32_1.0.100.202602081740/tools/bin/../lib/gcc/arm-none-eabi/14.3.1/../../../../arm-none-eabi/lib/thumb/v7e-m+fp/hard\libc_nano.a(libc_a-impure.o)
                0x20000064                _impure_ptr
 .data._impure_data
                0x20000068       0x4c C:/ST/STM32CubeIDE_2.1.1/STM32CubeIDE/plugins/com.st.stm32cube.ide.mcu.externaltools.gnu-tools-for-stm32.14.3.rel1.win32_1.0.100.202602081740/tools/bin/../lib/gcc/arm-none-eabi/14.3.1/../../../../arm-none-eabi/lib/thumb/v7e-m+fp/hard\libc_nano.a(libc_a-impure.o)
                0x20000068                _impure_data
 *(.RamFunc)
 *(.RamFunc*)
                0x200000b4                        . = ALIGN (0x4)
                0x200000b4                        _edata = .
                0x08012f08                        _siccmram = LOADADDR (.ccmram)

.igot.plt       0x200000b4        0x0 load address 0x08012f08
 .igot.plt      0x200000b4        0x0 C:/ST/STM32CubeIDE_2.1.1/STM32CubeIDE/plugins/com.st.stm32cube.ide.mcu.externaltools.gnu-tools-for-stm32.14.3.rel1.win32_1.0.100.202602081740/tools/bin/../lib/gcc/arm-none-eabi/14.3.1/thumb/v7e-m+fp/hard/crtbegin.o

.ccmram         0x10000000        0x0 load address 0x08012f08
                0x10000000                        . = ALIGN (0x4)
                0x10000000                        _sccmram = .
 *(.ccmram)
 *(.ccmram*)
                0x10000000                        . = ALIGN (0x4)
                0x10000000                        _eccmram = .
                0x10000000                        . = ALIGN (0x4)

.bss            0x200000b8     0x1acc
                0x200000b8                        _sbss = .
                0x200000b8                        __bss_start__ = _sbss
 *(.bss)
 .bss           0x200000b8       0x1c C:/ST/STM32CubeIDE_2.1.1/STM32CubeIDE/plugins/com.st.stm32cube.ide.mcu.externaltools.gnu-tools-for-stm32.14.3.rel1.win32_1.0.100.202602081740/tools/bin/../lib/gcc/arm-none-eabi/14.3.1/thumb/v7e-m+fp/hard/crtbegin.o
 *(.bss*)
 .bss.hadc1     0x200000d4       0x48 ./Core/Src/adc.o
                0x200000d4                hadc1
 .bss.hdma_adc1
                0x2000011c       0x60 ./Core/Src/adc.o
                0x2000011c                hdma_adc1
 .bss.hsram1    0x2000017c       0x50 ./Core/Src/fsmc.o
                0x2000017c                hsram1
 .bss.FSMC_Initialized
                0x200001cc        0x4 ./Core/Src/fsmc.o
 .bss.ArrayRGB  0x200001d0      0x280 ./Core/Src/ili9325.o
 .bss.Input     0x20000450      0x800 ./Core/Src/main.o
                0x20000450                Input
 .bss.Output    0x20000c50      0x400 ./Core/Src/main.o
                0x20000c50                Output
 .bss.AdcVal    0x20001050        0x1 ./Core/Src/main.o
                0x20001050                AdcVal
 *fill*         0x20001051        0x3 
 .bss.Adc_Array
                0x20001054      0x140 ./Core/Src/main.o
                0x20001054                Adc_Array
 .bss.Tx_Message
                0x20001194      0x405 ./Core/Src/main.o
                0x20001194                Tx_Message
 *fill*         0x20001599        0x3 
 .bss.DrawProp  0x2000159c        0xc ./Core/Src/openx07v_c_lcd.o
                0x2000159c                DrawProp
 .bss.lcd_drv   0x200015a8        0x4 ./Core/Src/openx07v_c_lcd.o
 .bss.bitmap    0x200015ac      0x366 ./Core/Src/openx07v_c_lcd.o
 *fill*         0x20001912        0x2 
 .bss.hspi2     0x20001914       0x58 ./Core/Src/spi.o
                0x20001914                hspi2
 .bss.tim7_125us_flag
                0x2000196c        0x1 ./Core/Src/stm32f4xx_it.o
                0x2000196c                tim7_125us_flag
 .bss.tim7_125us_count.0
                0x2000196d        0x1 ./Core/Src/stm32f4xx_it.o
 *fill*         0x2000196e        0x2 
 .bss.htim7     0x20001970       0x48 ./Core/Src/tim.o
                0x20001970                htim7
 .bss.matrix    0x200019b8       0x38 ./Core/Src/touch_panel.o
                0x200019b8                matrix
 .bss.ScreenSample
                0x200019f0        0xc ./Core/Src/touch_panel.o
                0x200019f0                ScreenSample
 .bss.screen.0  0x200019fc        0x4 ./Core/Src/touch_panel.o
 .bss.huart3    0x20001a00       0x48 ./Core/Src/usart.o
                0x20001a00                huart3
 .bss.uwTick    0x20001a48        0x4 ./Drivers/STM32F4xx_HAL_Driver/Src/stm32f4xx_hal.o
                0x20001a48                uwTick
 .bss.__sf      0x20001a4c      0x138 C:/ST/STM32CubeIDE_2.1.1/STM32CubeIDE/plugins/com.st.stm32cube.ide.mcu.externaltools.gnu-tools-for-stm32.14.3.rel1.win32_1.0.100.202602081740/tools/bin/../lib/gcc/arm-none-eabi/14.3.1/../../../../arm-none-eabi/lib/thumb/v7e-m+fp/hard\libc_nano.a(libc_a-findfp.o)
                0x20001a4c                __sf
 *(COMMON)
                0x20001b84                        . = ALIGN (0x4)
                0x20001b84                        _ebss = .
                0x20001b84                        __bss_end__ = _ebss

._user_heap_stack
                0x20001b84      0x604
                0x20001b88                        . = ALIGN (0x8)
 *fill*         0x20001b84        0x4 
                [!provide]                        PROVIDE (end = .)
                0x20001b88                        PROVIDE (_end = .)
                0x20001d88                        . = (. + _Min_Heap_Size)
 *fill*         0x20001b88      0x200 
                0x20002188                        . = (. + _Min_Stack_Size)
 *fill*         0x20001d88      0x400 
                0x20002188                        . = ALIGN (0x8)

/DISCARD/
 libc.a(*)
 libm.a(*)
 libgcc.a(*)

.ARM.attributes
                0x00000000       0x30
 *(.ARM.attributes)
 .ARM.attributes
                0x00000000       0x22 C:/ST/STM32CubeIDE_2.1.1/STM32CubeIDE/plugins/com.st.stm32cube.ide.mcu.externaltools.gnu-tools-for-stm32.14.3.rel1.win32_1.0.100.202602081740/tools/bin/../lib/gcc/arm-none-eabi/14.3.1/thumb/v7e-m+fp/hard/crti.o
 .ARM.attributes
                0x00000022       0x34 C:/ST/STM32CubeIDE_2.1.1/STM32CubeIDE/plugins/com.st.stm32cube.ide.mcu.externaltools.gnu-tools-for-stm32.14.3.rel1.win32_1.0.100.202602081740/tools/bin/../lib/gcc/arm-none-eabi/14.3.1/thumb/v7e-m+fp/hard/crtbegin.o
 .ARM.attributes
                0x00000056       0x34 ./Core/Src/adc.o
 .ARM.attributes
                0x0000008a       0x34 ./Core/Src/dma.o
 .ARM.attributes
                0x000000be       0x34 ./Core/Src/font12.o
 .ARM.attributes
                0x000000f2       0x34 ./Core/Src/font24.o
 .ARM.attributes
                0x00000126       0x34 ./Core/Src/fsmc.o
 .ARM.attributes
                0x0000015a       0x34 ./Core/Src/gpio.o
 .ARM.attributes
                0x0000018e       0x34 ./Core/Src/ili9325.o
 .ARM.attributes
                0x000001c2       0x34 ./Core/Src/main.o
 .ARM.attributes
                0x000001f6       0x34 ./Core/Src/openx07v_c_lcd.o
 .ARM.attributes
                0x0000022a       0x34 ./Core/Src/spi.o
 .ARM.attributes
                0x0000025e       0x34 ./Core/Src/stm32f4xx_hal_msp.o
 .ARM.attributes
                0x00000292       0x34 ./Core/Src/stm32f4xx_it.o
 .ARM.attributes
                0x000002c6       0x34 ./Core/Src/system_stm32f4xx.o
 .ARM.attributes
                0x000002fa       0x34 ./Core/Src/tim.o
 .ARM.attributes
                0x0000032e       0x34 ./Core/Src/touch_panel.o
 .ARM.attributes
                0x00000362       0x34 ./Core/Src/usart.o
 .ARM.attributes
                0x00000396       0x21 ./Core/Startup/startup_stm32f407vetx.o
 .ARM.attributes
                0x000003b7       0x34 ./Drivers/CMSIS/DSP/Source/CommonTables/arm_common_tables.o
 .ARM.attributes
                0x000003eb       0x34 ./Drivers/CMSIS/DSP/Source/ComplexMathFunctions/arm_cmplx_mag_f32.o
 .ARM.attributes
                0x0000041f       0x34 ./Drivers/CMSIS/DSP/Source/TransformFunctions/arm_bitreversal.o
 .ARM.attributes
                0x00000453       0x34 ./Drivers/CMSIS/DSP/Source/TransformFunctions/arm_cfft_radix4_f32.o
 .ARM.attributes
                0x00000487       0x34 ./Drivers/CMSIS/DSP/Source/TransformFunctions/arm_cfft_radix4_init_f32.o
 .ARM.attributes
                0x000004bb       0x34 ./Drivers/STM32F4xx_HAL_Driver/Src/stm32f4xx_hal.o
 .ARM.attributes
                0x000004ef       0x34 ./Drivers/STM32F4xx_HAL_Driver/Src/stm32f4xx_hal_adc.o
 .ARM.attributes
                0x00000523       0x34 ./Drivers/STM32F4xx_HAL_Driver/Src/stm32f4xx_hal_cortex.o
 .ARM.attributes
                0x00000557       0x34 ./Drivers/STM32F4xx_HAL_Driver/Src/stm32f4xx_hal_dma.o
 .ARM.attributes
                0x0000058b       0x34 ./Drivers/STM32F4xx_HAL_Driver/Src/stm32f4xx_hal_gpio.o
 .ARM.attributes
                0x000005bf       0x34 ./Drivers/STM32F4xx_HAL_Driver/Src/stm32f4xx_hal_rcc.o
 .ARM.attributes
                0x000005f3       0x34 ./Drivers/STM32F4xx_HAL_Driver/Src/stm32f4xx_hal_spi.o
 .ARM.attributes
                0x00000627       0x34 ./Drivers/STM32F4xx_HAL_Driver/Src/stm32f4xx_hal_sram.o
 .ARM.attributes
                0x0000065b       0x34 ./Drivers/STM32F4xx_HAL_Driver/Src/stm32f4xx_hal_tim.o
 .ARM.attributes
                0x0000068f       0x34 ./Drivers/STM32F4xx_HAL_Driver/Src/stm32f4xx_hal_tim_ex.o
 .ARM.attributes
                0x000006c3       0x34 ./Drivers/STM32F4xx_HAL_Driver/Src/stm32f4xx_hal_uart.o
 .ARM.attributes
                0x000006f7       0x34 ./Drivers/STM32F4xx_HAL_Driver/Src/stm32f4xx_ll_fsmc.o
 .ARM.attributes
                0x0000072b       0x34 C:/ST/STM32CubeIDE_2.1.1/STM32CubeIDE/plugins/com.st.stm32cube.ide.mcu.externaltools.gnu-tools-for-stm32.14.3.rel1.win32_1.0.100.202602081740/tools/bin/../lib/gcc/arm-none-eabi/14.3.1/../../../../arm-none-eabi/lib/thumb/v7e-m+fp/hard\libc_nano.a(libc_a-findfp.o)
 .ARM.attributes
                0x0000075f       0x34 C:/ST/STM32CubeIDE_2.1.1/STM32CubeIDE/plugins/com.st.stm32cube.ide.mcu.externaltools.gnu-tools-for-stm32.14.3.rel1.win32_1.0.100.202602081740/tools/bin/../lib/gcc/arm-none-eabi/14.3.1/../../../../arm-none-eabi/lib/thumb/v7e-m+fp/hard\libc_nano.a(libc_a-memmove.o)
 .ARM.attributes
                0x00000793       0x34 C:/ST/STM32CubeIDE_2.1.1/STM32CubeIDE/plugins/com.st.stm32cube.ide.mcu.externaltools.gnu-tools-for-stm32.14.3.rel1.win32_1.0.100.202602081740/tools/bin/../lib/gcc/arm-none-eabi/14.3.1/../../../../arm-none-eabi/lib/thumb/v7e-m+fp/hard\libc_nano.a(libc_a-memset.o)
 .ARM.attributes
                0x000007c7       0x34 C:/ST/STM32CubeIDE_2.1.1/STM32CubeIDE/plugins/com.st.stm32cube.ide.mcu.externaltools.gnu-tools-for-stm32.14.3.rel1.win32_1.0.100.202602081740/tools/bin/../lib/gcc/arm-none-eabi/14.3.1/../../../../arm-none-eabi/lib/thumb/v7e-m+fp/hard\libc_nano.a(libc_a-impure.o)
 .ARM.attributes
                0x000007fb       0x34 C:/ST/STM32CubeIDE_2.1.1/STM32CubeIDE/plugins/com.st.stm32cube.ide.mcu.externaltools.gnu-tools-for-stm32.14.3.rel1.win32_1.0.100.202602081740/tools/bin/../lib/gcc/arm-none-eabi/14.3.1/../../../../arm-none-eabi/lib/thumb/v7e-m+fp/hard\libc_nano.a(libc_a-errno.o)
 .ARM.attributes
                0x0000082f       0x34 C:/ST/STM32CubeIDE_2.1.1/STM32CubeIDE/plugins/com.st.stm32cube.ide.mcu.externaltools.gnu-tools-for-stm32.14.3.rel1.win32_1.0.100.202602081740/tools/bin/../lib/gcc/arm-none-eabi/14.3.1/../../../../arm-none-eabi/lib/thumb/v7e-m+fp/hard\libc_nano.a(libc_a-init.o)
 .ARM.attributes
                0x00000863       0x34 C:/ST/STM32CubeIDE_2.1.1/STM32CubeIDE/plugins/com.st.stm32cube.ide.mcu.externaltools.gnu-tools-for-stm32.14.3.rel1.win32_1.0.100.202602081740/tools/bin/../lib/gcc/arm-none-eabi/14.3.1/../../../../arm-none-eabi/lib/thumb/v7e-m+fp/hard\libm.a(libm_a-wf_sqrt.o)
 .ARM.attributes
                0x00000897       0x34 C:/ST/STM32CubeIDE_2.1.1/STM32CubeIDE/plugins/com.st.stm32cube.ide.mcu.externaltools.gnu-tools-for-stm32.14.3.rel1.win32_1.0.100.202602081740/tools/bin/../lib/gcc/arm-none-eabi/14.3.1/../../../../arm-none-eabi/lib/thumb/v7e-m+fp/hard\libm.a(libm_a-ef_sqrt.o)
 .ARM.attributes
                0x000008cb       0x22 C:/ST/STM32CubeIDE_2.1.1/STM32CubeIDE/plugins/com.st.stm32cube.ide.mcu.externaltools.gnu-tools-for-stm32.14.3.rel1.win32_1.0.100.202602081740/tools/bin/../lib/gcc/arm-none-eabi/14.3.1/thumb/v7e-m+fp/hard\libgcc.a(_arm_addsubdf3.o)
 .ARM.attributes
                0x000008ed       0x22 C:/ST/STM32CubeIDE_2.1.1/STM32CubeIDE/plugins/com.st.stm32cube.ide.mcu.externaltools.gnu-tools-for-stm32.14.3.rel1.win32_1.0.100.202602081740/tools/bin/../lib/gcc/arm-none-eabi/14.3.1/thumb/v7e-m+fp/hard\libgcc.a(_arm_cmpdf2.o)
 .ARM.attributes
                0x0000090f       0x22 C:/ST/STM32CubeIDE_2.1.1/STM32CubeIDE/plugins/com.st.stm32cube.ide.mcu.externaltools.gnu-tools-for-stm32.14.3.rel1.win32_1.0.100.202602081740/tools/bin/../lib/gcc/arm-none-eabi/14.3.1/thumb/v7e-m+fp/hard\libgcc.a(_aeabi_uldivmod.o)
 .ARM.attributes
                0x00000931       0x34 C:/ST/STM32CubeIDE_2.1.1/STM32CubeIDE/plugins/com.st.stm32cube.ide.mcu.externaltools.gnu-tools-for-stm32.14.3.rel1.win32_1.0.100.202602081740/tools/bin/../lib/gcc/arm-none-eabi/14.3.1/thumb/v7e-m+fp/hard\libgcc.a(_udivmoddi4.o)
 .ARM.attributes
                0x00000965       0x22 C:/ST/STM32CubeIDE_2.1.1/STM32CubeIDE/plugins/com.st.stm32cube.ide.mcu.externaltools.gnu-tools-for-stm32.14.3.rel1.win32_1.0.100.202602081740/tools/bin/../lib/gcc/arm-none-eabi/14.3.1/thumb/v7e-m+fp/hard\libgcc.a(_dvmd_tls.o)
 .ARM.attributes
                0x00000987       0x22 C:/ST/STM32CubeIDE_2.1.1/STM32CubeIDE/plugins/com.st.stm32cube.ide.mcu.externaltools.gnu-tools-for-stm32.14.3.rel1.win32_1.0.100.202602081740/tools/bin/../lib/gcc/arm-none-eabi/14.3.1/thumb/v7e-m+fp/hard/crtn.o
OUTPUT(FFT_Mutex.elf elf32-littlearm)
LOAD linker stubs
LOAD C:/ST/STM32CubeIDE_2.1.1/STM32CubeIDE/plugins/com.st.stm32cube.ide.mcu.externaltools.gnu-tools-for-stm32.14.3.rel1.win32_1.0.100.202602081740/tools/bin/../lib/gcc/arm-none-eabi/14.3.1/../../../../arm-none-eabi/lib/thumb/v7e-m+fp/hard\libc.a
LOAD C:/ST/STM32CubeIDE_2.1.1/STM32CubeIDE/plugins/com.st.stm32cube.ide.mcu.externaltools.gnu-tools-for-stm32.14.3.rel1.win32_1.0.100.202602081740/tools/bin/../lib/gcc/arm-none-eabi/14.3.1/../../../../arm-none-eabi/lib/thumb/v7e-m+fp/hard\libm.a
LOAD C:/ST/STM32CubeIDE_2.1.1/STM32CubeIDE/plugins/com.st.stm32cube.ide.mcu.externaltools.gnu-tools-for-stm32.14.3.rel1.win32_1.0.100.202602081740/tools/bin/../lib/gcc/arm-none-eabi/14.3.1/thumb/v7e-m+fp/hard\libgcc.a

.debug_info     0x00000000    0x1820f
 .debug_info    0x00000000      0x9d5 ./Core/Src/adc.o
 .debug_info    0x000009d5      0x4ad ./Core/Src/dma.o
 .debug_info    0x00000e82      0x125 ./Core/Src/font12.o
 .debug_info    0x00000fa7      0x125 ./Core/Src/font24.o
 .debug_info    0x000010cc      0x9e0 ./Core/Src/fsmc.o
 .debug_info    0x00001aac      0x441 ./Core/Src/gpio.o
 .debug_info    0x00001eed      0x6b8 ./Core/Src/ili9325.o
 .debug_info    0x000025a5     0x1517 ./Core/Src/main.o
 .debug_info    0x00003abc      0xdb6 ./Core/Src/openx07v_c_lcd.o
 .debug_info    0x00004872      0xbbd ./Core/Src/spi.o
 .debug_info    0x0000542f      0x269 ./Core/Src/stm32f4xx_hal_msp.o
 .debug_info    0x00005698      0xc8d ./Core/Src/stm32f4xx_it.o
 .debug_info    0x00006325      0x512 ./Core/Src/system_stm32f4xx.o
 .debug_info    0x00006837      0xb87 ./Core/Src/tim.o
 .debug_info    0x000073be      0xcca ./Core/Src/touch_panel.o
 .debug_info    0x00008088      0xbdf ./Core/Src/usart.o
 .debug_info    0x00008c67       0x30 ./Core/Startup/startup_stm32f407vetx.o
 .debug_info    0x00008c97     0x1366 ./Drivers/CMSIS/DSP/Source/CommonTables/arm_common_tables.o
 .debug_info    0x00009ffd      0x1d8 ./Drivers/CMSIS/DSP/Source/ComplexMathFunctions/arm_cmplx_mag_f32.o
 .debug_info    0x0000a1d5      0x2e2 ./Drivers/CMSIS/DSP/Source/TransformFunctions/arm_bitreversal.o
 .debug_info    0x0000a4b7      0x51c ./Drivers/CMSIS/DSP/Source/TransformFunctions/arm_cfft_radix4_f32.o
 .debug_info    0x0000a9d3      0x243 ./Drivers/CMSIS/DSP/Source/TransformFunctions/arm_cfft_radix4_init_f32.o
 .debug_info    0x0000ac16      0x944 ./Drivers/STM32F4xx_HAL_Driver/Src/stm32f4xx_hal.o
 .debug_info    0x0000b55a      0xce3 ./Drivers/STM32F4xx_HAL_Driver/Src/stm32f4xx_hal_adc.o
 .debug_info    0x0000c23d      0xd8c ./Drivers/STM32F4xx_HAL_Driver/Src/stm32f4xx_hal_cortex.o
 .debug_info    0x0000cfc9      0x8e7 ./Drivers/STM32F4xx_HAL_Driver/Src/stm32f4xx_hal_dma.o
 .debug_info    0x0000d8b0      0x6c3 ./Drivers/STM32F4xx_HAL_Driver/Src/stm32f4xx_hal_gpio.o
 .debug_info    0x0000df73      0x8c3 ./Drivers/STM32F4xx_HAL_Driver/Src/stm32f4xx_hal_rcc.o
 .debug_info    0x0000e836     0x1525 ./Drivers/STM32F4xx_HAL_Driver/Src/stm32f4xx_hal_spi.o
 .debug_info    0x0000fd5b      0xd48 ./Drivers/STM32F4xx_HAL_Driver/Src/stm32f4xx_hal_sram.o
 .debug_info    0x00010aa3     0x299d ./Drivers/STM32F4xx_HAL_Driver/Src/stm32f4xx_hal_tim.o
 .debug_info    0x00013440     0x14db ./Drivers/STM32F4xx_HAL_Driver/Src/stm32f4xx_hal_tim_ex.o
 .debug_info    0x0001491b     0x2f4f ./Drivers/STM32F4xx_HAL_Driver/Src/stm32f4xx_hal_uart.o
 .debug_info    0x0001786a      0x9a5 ./Drivers/STM32F4xx_HAL_Driver/Src/stm32f4xx_ll_fsmc.o

.debug_abbrev   0x00000000     0x3e53
 .debug_abbrev  0x00000000      0x205 ./Core/Src/adc.o
 .debug_abbrev  0x00000205      0x10e ./Core/Src/dma.o
 .debug_abbrev  0x00000313       0xb1 ./Core/Src/font12.o
 .debug_abbrev  0x000003c4       0xb1 ./Core/Src/font24.o
 .debug_abbrev  0x00000475      0x212 ./Core/Src/fsmc.o
 .debug_abbrev  0x00000687      0x152 ./Core/Src/gpio.o
 .debug_abbrev  0x000007d9      0x22d ./Core/Src/ili9325.o
 .debug_abbrev  0x00000a06      0x2de ./Core/Src/main.o
 .debug_abbrev  0x00000ce4      0x28d ./Core/Src/openx07v_c_lcd.o
 .debug_abbrev  0x00000f71      0x219 ./Core/Src/spi.o
 .debug_abbrev  0x0000118a       0xd8 ./Core/Src/stm32f4xx_hal_msp.o
 .debug_abbrev  0x00001262      0x204 ./Core/Src/stm32f4xx_it.o
 .debug_abbrev  0x00001466      0x11a ./Core/Src/system_stm32f4xx.o
 .debug_abbrev  0x00001580      0x1f7 ./Core/Src/tim.o
 .debug_abbrev  0x00001777      0x2ea ./Core/Src/touch_panel.o
 .debug_abbrev  0x00001a61      0x248 ./Core/Src/usart.o
 .debug_abbrev  0x00001ca9       0x24 ./Core/Startup/startup_stm32f407vetx.o
 .debug_abbrev  0x00001ccd       0xc2 ./Drivers/CMSIS/DSP/Source/CommonTables/arm_common_tables.o
 .debug_abbrev  0x00001d8f      0x129 ./Drivers/CMSIS/DSP/Source/ComplexMathFunctions/arm_cmplx_mag_f32.o
 .debug_abbrev  0x00001eb8       0xaf ./Drivers/CMSIS/DSP/Source/TransformFunctions/arm_bitreversal.o
 .debug_abbrev  0x00001f67      0x142 ./Drivers/CMSIS/DSP/Source/TransformFunctions/arm_cfft_radix4_f32.o
 .debug_abbrev  0x000020a9      0x117 ./Drivers/CMSIS/DSP/Source/TransformFunctions/arm_cfft_radix4_init_f32.o
 .debug_abbrev  0x000021c0      0x214 ./Drivers/STM32F4xx_HAL_Driver/Src/stm32f4xx_hal.o
 .debug_abbrev  0x000023d4      0x252 ./Drivers/STM32F4xx_HAL_Driver/Src/stm32f4xx_hal_adc.o
 .debug_abbrev  0x00002626      0x31d ./Drivers/STM32F4xx_HAL_Driver/Src/stm32f4xx_hal_cortex.o
 .debug_abbrev  0x00002943      0x264 ./Drivers/STM32F4xx_HAL_Driver/Src/stm32f4xx_hal_dma.o
 .debug_abbrev  0x00002ba7      0x1d4 ./Drivers/STM32F4xx_HAL_Driver/Src/stm32f4xx_hal_gpio.o
 .debug_abbrev  0x00002d7b      0x2b7 ./Drivers/STM32F4xx_HAL_Driver/Src/stm32f4xx_hal_rcc.o
 .debug_abbrev  0x00003032      0x27a ./Drivers/STM32F4xx_HAL_Driver/Src/stm32f4xx_hal_spi.o
 .debug_abbrev  0x000032ac      0x1f3 ./Drivers/STM32F4xx_HAL_Driver/Src/stm32f4xx_hal_sram.o
 .debug_abbrev  0x0000349f      0x278 ./Drivers/STM32F4xx_HAL_Driver/Src/stm32f4xx_hal_tim.o
 .debug_abbrev  0x00003717      0x283 ./Drivers/STM32F4xx_HAL_Driver/Src/stm32f4xx_hal_tim_ex.o
 .debug_abbrev  0x0000399a      0x30e ./Drivers/STM32F4xx_HAL_Driver/Src/stm32f4xx_hal_uart.o
 .debug_abbrev  0x00003ca8      0x1ab ./Drivers/STM32F4xx_HAL_Driver/Src/stm32f4xx_ll_fsmc.o

.debug_aranges  0x00000000     0x14a8
 .debug_aranges
                0x00000000       0x30 ./Core/Src/adc.o
 .debug_aranges
                0x00000030       0x20 ./Core/Src/dma.o
 .debug_aranges
                0x00000050       0x18 ./Core/Src/font12.o
 .debug_aranges
                0x00000068       0x18 ./Core/Src/font24.o
 .debug_aranges
                0x00000080       0x40 ./Core/Src/fsmc.o
 .debug_aranges
                0x000000c0       0x20 ./Core/Src/gpio.o
 .debug_aranges
                0x000000e0       0xc0 ./Core/Src/ili9325.o
 .debug_aranges
                0x000001a0       0x48 ./Core/Src/main.o
 .debug_aranges
                0x000001e8      0x118 ./Core/Src/openx07v_c_lcd.o
 .debug_aranges
                0x00000300       0x30 ./Core/Src/spi.o
 .debug_aranges
                0x00000330       0x20 ./Core/Src/stm32f4xx_hal_msp.o
 .debug_aranges
                0x00000350       0x80 ./Core/Src/stm32f4xx_it.o
 .debug_aranges
                0x000003d0       0x28 ./Core/Src/system_stm32f4xx.o
 .debug_aranges
                0x000003f8       0x30 ./Core/Src/tim.o
 .debug_aranges
                0x00000428       0x80 ./Core/Src/touch_panel.o
 .debug_aranges
                0x000004a8       0x38 ./Core/Src/usart.o
 .debug_aranges
                0x000004e0       0x28 ./Core/Startup/startup_stm32f407vetx.o
 .debug_aranges
                0x00000508       0x18 ./Drivers/CMSIS/DSP/Source/CommonTables/arm_common_tables.o
 .debug_aranges
                0x00000520       0x20 ./Drivers/CMSIS/DSP/Source/ComplexMathFunctions/arm_cmplx_mag_f32.o
 .debug_aranges
                0x00000540       0x30 ./Drivers/CMSIS/DSP/Source/TransformFunctions/arm_bitreversal.o
 .debug_aranges
                0x00000570       0x30 ./Drivers/CMSIS/DSP/Source/TransformFunctions/arm_cfft_radix4_f32.o
 .debug_aranges
                0x000005a0       0x20 ./Drivers/CMSIS/DSP/Source/TransformFunctions/arm_cfft_radix4_init_f32.o
 .debug_aranges
                0x000005c0       0xf0 ./Drivers/STM32F4xx_HAL_Driver/Src/stm32f4xx_hal.o
 .debug_aranges
                0x000006b0       0xe8 ./Drivers/STM32F4xx_HAL_Driver/Src/stm32f4xx_hal_adc.o
 .debug_aranges
                0x00000798      0x130 ./Drivers/STM32F4xx_HAL_Driver/Src/stm32f4xx_hal_cortex.o
 .debug_aranges
                0x000008c8       0x90 ./Drivers/STM32F4xx_HAL_Driver/Src/stm32f4xx_hal_dma.o
 .debug_aranges
                0x00000958       0x58 ./Drivers/STM32F4xx_HAL_Driver/Src/stm32f4xx_hal_gpio.o
 .debug_aranges
                0x000009b0       0x88 ./Drivers/STM32F4xx_HAL_Driver/Src/stm32f4xx_hal_rcc.o
 .debug_aranges
                0x00000a38      0x1d0 ./Drivers/STM32F4xx_HAL_Driver/Src/stm32f4xx_hal_spi.o
 .debug_aranges
                0x00000c08       0xb8 ./Drivers/STM32F4xx_HAL_Driver/Src/stm32f4xx_hal_sram.o
 .debug_aranges
                0x00000cc0      0x3d0 ./Drivers/STM32F4xx_HAL_Driver/Src/stm32f4xx_hal_tim.o
 .debug_aranges
                0x00001090      0x168 ./Drivers/STM32F4xx_HAL_Driver/Src/stm32f4xx_hal_tim_ex.o
 .debug_aranges
                0x000011f8      0x208 ./Drivers/STM32F4xx_HAL_Driver/Src/stm32f4xx_hal_uart.o
 .debug_aranges
                0x00001400       0xa8 ./Drivers/STM32F4xx_HAL_Driver/Src/stm32f4xx_ll_fsmc.o

.debug_rnglists
                0x00000000      0xfaa
 .debug_rnglists
                0x00000000       0x21 ./Core/Src/adc.o
 .debug_rnglists
                0x00000021       0x13 ./Core/Src/dma.o
 .debug_rnglists
                0x00000034       0x2d ./Core/Src/fsmc.o
 .debug_rnglists
                0x00000061       0x14 ./Core/Src/gpio.o
 .debug_rnglists
                0x00000075       0x8e ./Core/Src/ili9325.o
 .debug_rnglists
                0x00000103       0x35 ./Core/Src/main.o
 .debug_rnglists
                0x00000138       0xd6 ./Core/Src/openx07v_c_lcd.o
 .debug_rnglists
                0x0000020e       0x20 ./Core/Src/spi.o
 .debug_rnglists
                0x0000022e       0x13 ./Core/Src/stm32f4xx_hal_msp.o
 .debug_rnglists
                0x00000241       0x5b ./Core/Src/stm32f4xx_it.o
 .debug_rnglists
                0x0000029c       0x1a ./Core/Src/system_stm32f4xx.o
 .debug_rnglists
                0x000002b6       0x1f ./Core/Src/tim.o
 .debug_rnglists
                0x000002d5       0x5f ./Core/Src/touch_panel.o
 .debug_rnglists
                0x00000334       0x26 ./Core/Src/usart.o
 .debug_rnglists
                0x0000035a       0x19 ./Core/Startup/startup_stm32f407vetx.o
 .debug_rnglists
                0x00000373       0x14 ./Drivers/CMSIS/DSP/Source/ComplexMathFunctions/arm_cmplx_mag_f32.o
 .debug_rnglists
                0x00000387       0x22 ./Drivers/CMSIS/DSP/Source/TransformFunctions/arm_bitreversal.o
 .debug_rnglists
                0x000003a9       0x21 ./Drivers/CMSIS/DSP/Source/TransformFunctions/arm_cfft_radix4_f32.o
 .debug_rnglists
                0x000003ca       0x14 ./Drivers/CMSIS/DSP/Source/TransformFunctions/arm_cfft_radix4_init_f32.o
 .debug_rnglists
                0x000003de       0xaf ./Drivers/STM32F4xx_HAL_Driver/Src/stm32f4xx_hal.o
 .debug_rnglists
                0x0000048d       0xb5 ./Drivers/STM32F4xx_HAL_Driver/Src/stm32f4xx_hal_adc.o
 .debug_rnglists
                0x00000542       0xe0 ./Drivers/STM32F4xx_HAL_Driver/Src/stm32f4xx_hal_cortex.o
 .debug_rnglists
                0x00000622       0x70 ./Drivers/STM32F4xx_HAL_Driver/Src/stm32f4xx_hal_dma.o
 .debug_rnglists
                0x00000692       0x3f ./Drivers/STM32F4xx_HAL_Driver/Src/stm32f4xx_hal_gpio.o
 .debug_rnglists
                0x000006d1       0x66 ./Drivers/STM32F4xx_HAL_Driver/Src/stm32f4xx_hal_rcc.o
 .debug_rnglists
                0x00000737      0x16f ./Drivers/STM32F4xx_HAL_Driver/Src/stm32f4xx_hal_spi.o
 .debug_rnglists
                0x000008a6       0x8d ./Drivers/STM32F4xx_HAL_Driver/Src/stm32f4xx_hal_sram.o
 .debug_rnglists
                0x00000933      0x31a ./Drivers/STM32F4xx_HAL_Driver/Src/stm32f4xx_hal_tim.o
 .debug_rnglists
                0x00000c4d      0x125 ./Drivers/STM32F4xx_HAL_Driver/Src/stm32f4xx_hal_tim_ex.o
 .debug_rnglists
                0x00000d72      0x1bc ./Drivers/STM32F4xx_HAL_Driver/Src/stm32f4xx_hal_uart.o
 .debug_rnglists
                0x00000f2e       0x7c ./Drivers/STM32F4xx_HAL_Driver/Src/stm32f4xx_ll_fsmc.o

.debug_macro    0x00000000    0x26369
 .debug_macro   0x00000000      0x234 ./Core/Src/adc.o
 .debug_macro   0x00000234      0xade ./Core/Src/adc.o
 .debug_macro   0x00000d12      0x2ad ./Core/Src/adc.o
 .debug_macro   0x00000fbf       0x2e ./Core/Src/adc.o
 .debug_macro   0x00000fed       0x2f ./Core/Src/adc.o
 .debug_macro   0x0000101c       0x22 ./Core/Src/adc.o
 .debug_macro   0x0000103e       0x8e ./Core/Src/adc.o
 .debug_macro   0x000010cc       0x51 ./Core/Src/adc.o
 .debug_macro   0x0000111d      0x103 ./Core/Src/adc.o
 .debug_macro   0x00001220       0x6a ./Core/Src/adc.o
 .debug_macro   0x0000128a      0x1df ./Core/Src/adc.o
 .debug_macro   0x00001469       0x1c ./Core/Src/adc.o
 .debug_macro   0x00001485       0x22 ./Core/Src/adc.o
 .debug_macro   0x000014a7       0xfb ./Core/Src/adc.o
 .debug_macro   0x000015a2     0x1011 ./Core/Src/adc.o
 .debug_macro   0x000025b3      0x11f ./Core/Src/adc.o
 .debug_macro   0x000026d2    0x15ea5 ./Core/Src/adc.o
 .debug_macro   0x00018577       0x6d ./Core/Src/adc.o
 .debug_macro   0x000185e4     0x3693 ./Core/Src/adc.o
 .debug_macro   0x0001bc77      0x190 ./Core/Src/adc.o
 .debug_macro   0x0001be07       0x5c ./Core/Src/adc.o
 .debug_macro   0x0001be63      0x980 ./Core/Src/adc.o
 .debug_macro   0x0001c7e3      0x9e9 ./Core/Src/adc.o
 .debug_macro   0x0001d1cc      0x115 ./Core/Src/adc.o
 .debug_macro   0x0001d2e1      0x13e ./Core/Src/adc.o
 .debug_macro   0x0001d41f       0xa5 ./Core/Src/adc.o
 .debug_macro   0x0001d4c4      0x174 ./Core/Src/adc.o
 .debug_macro   0x0001d638      0x287 ./Core/Src/adc.o
 .debug_macro   0x0001d8bf       0x5f ./Core/Src/adc.o
 .debug_macro   0x0001d91e      0x236 ./Core/Src/adc.o
 .debug_macro   0x0001db54      0xb5b ./Core/Src/adc.o
 .debug_macro   0x0001e6af      0x38b ./Core/Src/adc.o
 .debug_macro   0x0001ea3a      0x176 ./Core/Src/adc.o
 .debug_macro   0x0001ebb0       0xf9 ./Core/Src/adc.o
 .debug_macro   0x0001eca9      0x12c ./Core/Src/adc.o
 .debug_macro   0x0001edd5      0x21e ./Core/Src/adc.o
 .debug_macro   0x0001eff3       0x2e ./Core/Src/adc.o
 .debug_macro   0x0001f021      0x516 ./Core/Src/adc.o
 .debug_macro   0x0001f537      0x127 ./Core/Src/adc.o
 .debug_macro   0x0001f65e       0x7e ./Core/Src/adc.o
 .debug_macro   0x0001f6dc       0x89 ./Core/Src/adc.o
 .debug_macro   0x0001f765      0x225 ./Core/Src/adc.o
 .debug_macro   0x0001f98a      0x8ed ./Core/Src/adc.o
 .debug_macro   0x00020277       0x4d ./Core/Src/adc.o
 .debug_macro   0x000202c4      0x2aa ./Core/Src/adc.o
 .debug_macro   0x0002056e      0x12d ./Core/Src/adc.o
 .debug_macro   0x0002069b       0x52 ./Core/Src/adc.o
 .debug_macro   0x000206ed      0x234 ./Core/Src/dma.o
 .debug_macro   0x00020921       0x73 ./Core/Src/font12.o
 .debug_macro   0x00020994       0x73 ./Core/Src/font24.o
 .debug_macro   0x00020a07      0x234 ./Core/Src/fsmc.o
 .debug_macro   0x00020c3b      0x234 ./Core/Src/gpio.o
 .debug_macro   0x00020e6f      0x234 ./Core/Src/ili9325.o
 .debug_macro   0x000210a3      0x2f8 ./Core/Src/ili9325.o
 .debug_macro   0x0002139b      0x528 ./Core/Src/main.o
 .debug_macro   0x000218c3       0x10 ./Core/Src/main.o
 .debug_macro   0x000218d3       0xb2 ./Core/Src/main.o
 .debug_macro   0x00021985       0x46 ./Core/Src/main.o
 .debug_macro   0x000219cb       0x61 ./Core/Src/main.o
 .debug_macro   0x00021a2c       0x2a ./Core/Src/main.o
 .debug_macro   0x00021a56       0x43 ./Core/Src/main.o
 .debug_macro   0x00021a99       0x34 ./Core/Src/main.o
 .debug_macro   0x00021acd      0x364 ./Core/Src/main.o
 .debug_macro   0x00021e31       0x16 ./Core/Src/main.o
 .debug_macro   0x00021e47       0x4a ./Core/Src/main.o
 .debug_macro   0x00021e91       0x34 ./Core/Src/main.o
 .debug_macro   0x00021ec5       0x10 ./Core/Src/main.o
 .debug_macro   0x00021ed5       0x58 ./Core/Src/main.o
 .debug_macro   0x00021f2d       0x8e ./Core/Src/main.o
 .debug_macro   0x00021fbb       0x1c ./Core/Src/main.o
 .debug_macro   0x00021fd7      0x17e ./Core/Src/main.o
 .debug_macro   0x00022155       0x10 ./Core/Src/main.o
 .debug_macro   0x00022165       0x3c ./Core/Src/main.o
 .debug_macro   0x000221a1       0x20 ./Core/Src/main.o
 .debug_macro   0x000221c1      0x19b ./Core/Src/main.o
 .debug_macro   0x0002235c      0x201 ./Core/Src/main.o
 .debug_macro   0x0002255d       0x7c ./Core/Src/main.o
 .debug_macro   0x000225d9       0x17 ./Core/Src/main.o
 .debug_macro   0x000225f0      0x118 ./Core/Src/main.o
 .debug_macro   0x00022708       0xb9 ./Core/Src/main.o
 .debug_macro   0x000227c1       0x42 ./Core/Src/main.o
 .debug_macro   0x00022803       0x35 ./Core/Src/main.o
 .debug_macro   0x00022838       0x1c ./Core/Src/main.o
 .debug_macro   0x00022854       0x22 ./Core/Src/main.o
 .debug_macro   0x00022876       0x16 ./Core/Src/main.o
 .debug_macro   0x0002288c       0x10 ./Core/Src/main.o
 .debug_macro   0x0002289c       0x1c ./Core/Src/main.o
 .debug_macro   0x000228b8       0x10 ./Core/Src/main.o
 .debug_macro   0x000228c8       0x1c ./Core/Src/main.o
 .debug_macro   0x000228e4       0x16 ./Core/Src/main.o
 .debug_macro   0x000228fa      0x146 ./Core/Src/main.o
 .debug_macro   0x00022a40      0x274 ./Core/Src/openx07v_c_lcd.o
 .debug_macro   0x00022cb4      0x234 ./Core/Src/spi.o
 .debug_macro   0x00022ee8      0x22a ./Core/Src/stm32f4xx_hal_msp.o
 .debug_macro   0x00023112      0x234 ./Core/Src/stm32f4xx_it.o
 .debug_macro   0x00023346      0x21b ./Core/Src/system_stm32f4xx.o
 .debug_macro   0x00023561      0x234 ./Core/Src/tim.o
 .debug_macro   0x00023795      0x27a ./Core/Src/touch_panel.o
 .debug_macro   0x00023a0f       0x40 ./Core/Src/touch_panel.o
 .debug_macro   0x00023a4f       0x58 ./Core/Src/touch_panel.o
 .debug_macro   0x00023aa7      0x312 ./Core/Src/usart.o
 .debug_macro   0x00023db9       0x16 ./Core/Src/usart.o
 .debug_macro   0x00023dcf       0x16 ./Core/Src/usart.o
 .debug_macro   0x00023de5      0x1f7 ./Drivers/CMSIS/DSP/Source/CommonTables/arm_common_tables.o
 .debug_macro   0x00023fdc       0x3b ./Drivers/CMSIS/DSP/Source/CommonTables/arm_common_tables.o
 .debug_macro   0x00024017       0x1c ./Drivers/CMSIS/DSP/Source/CommonTables/arm_common_tables.o
 .debug_macro   0x00024033       0xc7 ./Drivers/CMSIS/DSP/Source/CommonTables/arm_common_tables.o
 .debug_macro   0x000240fa      0x1f8 ./Drivers/CMSIS/DSP/Source/ComplexMathFunctions/arm_cmplx_mag_f32.o
 .debug_macro   0x000242f2       0x3c ./Drivers/CMSIS/DSP/Source/ComplexMathFunctions/arm_cmplx_mag_f32.o
 .debug_macro   0x0002432e      0x20f ./Drivers/CMSIS/DSP/Source/TransformFunctions/arm_bitreversal.o
 .debug_macro   0x0002453d      0x1fc ./Drivers/CMSIS/DSP/Source/TransformFunctions/arm_cfft_radix4_f32.o
 .debug_macro   0x00024739      0x20f ./Drivers/CMSIS/DSP/Source/TransformFunctions/arm_cfft_radix4_init_f32.o
 .debug_macro   0x00024948      0x27b ./Drivers/STM32F4xx_HAL_Driver/Src/stm32f4xx_hal.o
 .debug_macro   0x00024bc3      0x21c ./Drivers/STM32F4xx_HAL_Driver/Src/stm32f4xx_hal_adc.o
 .debug_macro   0x00024ddf      0x21b ./Drivers/STM32F4xx_HAL_Driver/Src/stm32f4xx_hal_cortex.o
 .debug_macro   0x00024ffa      0x221 ./Drivers/STM32F4xx_HAL_Driver/Src/stm32f4xx_hal_dma.o
 .debug_macro   0x0002521b      0x221 ./Drivers/STM32F4xx_HAL_Driver/Src/stm32f4xx_hal_gpio.o
 .debug_macro   0x0002543c      0x23f ./Drivers/STM32F4xx_HAL_Driver/Src/stm32f4xx_hal_rcc.o
 .debug_macro   0x0002567b      0x22a ./Drivers/STM32F4xx_HAL_Driver/Src/stm32f4xx_hal_spi.o
 .debug_macro   0x000258a5      0x21b ./Drivers/STM32F4xx_HAL_Driver/Src/stm32f4xx_hal_sram.o
 .debug_macro   0x00025ac0      0x21c ./Drivers/STM32F4xx_HAL_Driver/Src/stm32f4xx_hal_tim.o
 .debug_macro   0x00025cdc      0x21b ./Drivers/STM32F4xx_HAL_Driver/Src/stm32f4xx_hal_tim_ex.o
 .debug_macro   0x00025ef7      0x21c ./Drivers/STM32F4xx_HAL_Driver/Src/stm32f4xx_hal_uart.o
 .debug_macro   0x00026113      0x256 ./Drivers/STM32F4xx_HAL_Driver/Src/stm32f4xx_ll_fsmc.o

.debug_line     0x00000000    0x1c5fb
 .debug_line    0x00000000      0x88a ./Core/Src/adc.o
 .debug_line    0x0000088a      0x7d3 ./Core/Src/dma.o
 .debug_line    0x0000105d      0x40f ./Core/Src/font12.o
 .debug_line    0x0000146c      0x40f ./Core/Src/font24.o
 .debug_line    0x0000187b      0x8cc ./Core/Src/fsmc.o
 .debug_line    0x00002147      0x80f ./Core/Src/gpio.o
 .debug_line    0x00002956      0xaec ./Core/Src/ili9325.o
 .debug_line    0x00003442      0xe74 ./Core/Src/main.o
 .debug_line    0x000042b6     0x117c ./Core/Src/openx07v_c_lcd.o
 .debug_line    0x00005432      0x850 ./Core/Src/spi.o
 .debug_line    0x00005c82      0x7d7 ./Core/Src/stm32f4xx_hal_msp.o
 .debug_line    0x00006459      0x8f5 ./Core/Src/stm32f4xx_it.o
 .debug_line    0x00006d4e      0x84d ./Core/Src/system_stm32f4xx.o
 .debug_line    0x0000759b      0x83a ./Core/Src/tim.o
 .debug_line    0x00007dd5      0xe05 ./Core/Src/touch_panel.o
 .debug_line    0x00008bda      0x9b5 ./Core/Src/usart.o
 .debug_line    0x0000958f       0x7a ./Core/Startup/startup_stm32f407vetx.o
 .debug_line    0x00009609      0x72b ./Drivers/CMSIS/DSP/Source/CommonTables/arm_common_tables.o
 .debug_line    0x00009d34      0x796 ./Drivers/CMSIS/DSP/Source/ComplexMathFunctions/arm_cmplx_mag_f32.o
 .debug_line    0x0000a4ca      0xa24 ./Drivers/CMSIS/DSP/Source/TransformFunctions/arm_bitreversal.o
 .debug_line    0x0000aeee      0xafd ./Drivers/CMSIS/DSP/Source/TransformFunctions/arm_cfft_radix4_f32.o
 .debug_line    0x0000b9eb      0x7e3 ./Drivers/CMSIS/DSP/Source/TransformFunctions/arm_cfft_radix4_init_f32.o
 .debug_line    0x0000c1ce      0xacc ./Drivers/STM32F4xx_HAL_Driver/Src/stm32f4xx_hal.o
 .debug_line    0x0000cc9a     0x12e0 ./Drivers/STM32F4xx_HAL_Driver/Src/stm32f4xx_hal_adc.o
 .debug_line    0x0000df7a      0xd99 ./Drivers/STM32F4xx_HAL_Driver/Src/stm32f4xx_hal_cortex.o
 .debug_line    0x0000ed13     0x1035 ./Drivers/STM32F4xx_HAL_Driver/Src/stm32f4xx_hal_dma.o
 .debug_line    0x0000fd48      0xc1e ./Drivers/STM32F4xx_HAL_Driver/Src/stm32f4xx_hal_gpio.o
 .debug_line    0x00010966      0xed8 ./Drivers/STM32F4xx_HAL_Driver/Src/stm32f4xx_hal_rcc.o
 .debug_line    0x0001183e     0x1d64 ./Drivers/STM32F4xx_HAL_Driver/Src/stm32f4xx_hal_spi.o
 .debug_line    0x000135a2      0xcb6 ./Drivers/STM32F4xx_HAL_Driver/Src/stm32f4xx_hal_sram.o
 .debug_line    0x00014258     0x3844 ./Drivers/STM32F4xx_HAL_Driver/Src/stm32f4xx_hal_tim.o
 .debug_line    0x00017a9c     0x1a29 ./Drivers/STM32F4xx_HAL_Driver/Src/stm32f4xx_hal_tim_ex.o
 .debug_line    0x000194c5     0x2611 ./Drivers/STM32F4xx_HAL_Driver/Src/stm32f4xx_hal_uart.o
 .debug_line    0x0001bad6      0xb25 ./Drivers/STM32F4xx_HAL_Driver/Src/stm32f4xx_ll_fsmc.o

.debug_str      0x00000000    0xe1479
 .debug_str     0x00000000    0xe1479 ./Core/Src/adc.o
                              0xd4f37 (size before relaxing)
 .debug_str     0x000e1479    0xd4ef1 ./Core/Src/dma.o
 .debug_str     0x000e1479     0x3e2f ./Core/Src/font12.o
 .debug_str     0x000e1479     0x3e2f ./Core/Src/font24.o
 .debug_str     0x000e1479    0xd4fe7 ./Core/Src/fsmc.o
 .debug_str     0x000e1479    0xd4a9f ./Core/Src/gpio.o
 .debug_str     0x000e1479    0xd5224 ./Core/Src/ili9325.o
 .debug_str     0x000e1479    0xdba42 ./Core/Src/main.o
 .debug_str     0x000e1479    0xd5844 ./Core/Src/openx07v_c_lcd.o
 .debug_str     0x000e1479    0xd545f ./Core/Src/spi.o
 .debug_str     0x000e1479    0xd49d4 ./Core/Src/stm32f4xx_hal_msp.o
 .debug_str     0x000e1479    0xd5311 ./Core/Src/stm32f4xx_it.o
 .debug_str     0x000e1479    0xd493f ./Core/Src/system_stm32f4xx.o
 .debug_str     0x000e1479    0xd5530 ./Core/Src/tim.o
 .debug_str     0x000e1479    0xd5c89 ./Core/Src/touch_panel.o
 .debug_str     0x000e1479    0xd8c03 ./Core/Src/usart.o
 .debug_str     0x000e1479       0x75 ./Core/Startup/startup_stm32f407vetx.o
 .debug_str     0x000e1479     0xa7f0 ./Drivers/CMSIS/DSP/Source/CommonTables/arm_common_tables.o
 .debug_str     0x000e1479     0x998c ./Drivers/CMSIS/DSP/Source/ComplexMathFunctions/arm_cmplx_mag_f32.o
 .debug_str     0x000e1479     0x9f7b ./Drivers/CMSIS/DSP/Source/TransformFunctions/arm_bitreversal.o
 .debug_str     0x000e1479     0x99ac ./Drivers/CMSIS/DSP/Source/TransformFunctions/arm_cfft_radix4_f32.o
 .debug_str     0x000e1479     0xa041 ./Drivers/CMSIS/DSP/Source/TransformFunctions/arm_cfft_radix4_init_f32.o
 .debug_str     0x000e1479    0xd54c3 ./Drivers/STM32F4xx_HAL_Driver/Src/stm32f4xx_hal.o
 .debug_str     0x000e1479    0xd4f2c ./Drivers/STM32F4xx_HAL_Driver/Src/stm32f4xx_hal_adc.o
 .debug_str     0x000e1479    0xd523f ./Drivers/STM32F4xx_HAL_Driver/Src/stm32f4xx_hal_cortex.o
 .debug_str     0x000e1479    0xd4d59 ./Drivers/STM32F4xx_HAL_Driver/Src/stm32f4xx_hal_dma.o
 .debug_str     0x000e1479    0xd4aba ./Drivers/STM32F4xx_HAL_Driver/Src/stm32f4xx_hal_gpio.o
 .debug_str     0x000e1479    0xd4d73 ./Drivers/STM32F4xx_HAL_Driver/Src/stm32f4xx_hal_rcc.o
 .debug_str     0x000e1479    0xd51fd ./Drivers/STM32F4xx_HAL_Driver/Src/stm32f4xx_hal_spi.o
 .debug_str     0x000e1479    0xd4f3d ./Drivers/STM32F4xx_HAL_Driver/Src/stm32f4xx_hal_sram.o
 .debug_str     0x000e1479    0xd5cc9 ./Drivers/STM32F4xx_HAL_Driver/Src/stm32f4xx_hal_tim.o
 .debug_str     0x000e1479    0xd54d5 ./Drivers/STM32F4xx_HAL_Driver/Src/stm32f4xx_hal_tim_ex.o
 .debug_str     0x000e1479    0xd5354 ./Drivers/STM32F4xx_HAL_Driver/Src/stm32f4xx_hal_uart.o
 .debug_str     0x000e1479    0xd51aa ./Drivers/STM32F4xx_HAL_Driver/Src/stm32f4xx_ll_fsmc.o

.comment        0x00000000       0x43
 .comment       0x00000000       0x43 ./Core/Src/adc.o
                                 0x44 (size before relaxing)
 .comment       0x00000043       0x44 ./Core/Src/dma.o
 .comment       0x00000043       0x44 ./Core/Src/font12.o
 .comment       0x00000043       0x44 ./Core/Src/font24.o
 .comment       0x00000043       0x44 ./Core/Src/fsmc.o
 .comment       0x00000043       0x44 ./Core/Src/gpio.o
 .comment       0x00000043       0x44 ./Core/Src/ili9325.o
 .comment       0x00000043       0x44 ./Core/Src/main.o
 .comment       0x00000043       0x44 ./Core/Src/openx07v_c_lcd.o
 .comment       0x00000043       0x44 ./Core/Src/spi.o
 .comment       0x00000043       0x44 ./Core/Src/stm32f4xx_hal_msp.o
 .comment       0x00000043       0x44 ./Core/Src/stm32f4xx_it.o
 .comment       0x00000043       0x44 ./Core/Src/system_stm32f4xx.o
 .comment       0x00000043       0x44 ./Core/Src/tim.o
 .comment       0x00000043       0x44 ./Core/Src/touch_panel.o
 .comment       0x00000043       0x44 ./Core/Src/usart.o
 .comment       0x00000043       0x44 ./Drivers/CMSIS/DSP/Source/CommonTables/arm_common_tables.o
 .comment       0x00000043       0x44 ./Drivers/CMSIS/DSP/Source/ComplexMathFunctions/arm_cmplx_mag_f32.o
 .comment       0x00000043       0x44 ./Drivers/CMSIS/DSP/Source/TransformFunctions/arm_bitreversal.o
 .comment       0x00000043       0x44 ./Drivers/CMSIS/DSP/Source/TransformFunctions/arm_cfft_radix4_f32.o
 .comment       0x00000043       0x44 ./Drivers/CMSIS/DSP/Source/TransformFunctions/arm_cfft_radix4_init_f32.o
 .comment       0x00000043       0x44 ./Drivers/STM32F4xx_HAL_Driver/Src/stm32f4xx_hal.o
 .comment       0x00000043       0x44 ./Drivers/STM32F4xx_HAL_Driver/Src/stm32f4xx_hal_adc.o
 .comment       0x00000043       0x44 ./Drivers/STM32F4xx_HAL_Driver/Src/stm32f4xx_hal_cortex.o
 .comment       0x00000043       0x44 ./Drivers/STM32F4xx_HAL_Driver/Src/stm32f4xx_hal_dma.o
 .comment       0x00000043       0x44 ./Drivers/STM32F4xx_HAL_Driver/Src/stm32f4xx_hal_gpio.o
 .comment       0x00000043       0x44 ./Drivers/STM32F4xx_HAL_Driver/Src/stm32f4xx_hal_rcc.o
 .comment       0x00000043       0x44 ./Drivers/STM32F4xx_HAL_Driver/Src/stm32f4xx_hal_spi.o
 .comment       0x00000043       0x44 ./Drivers/STM32F4xx_HAL_Driver/Src/stm32f4xx_hal_sram.o
 .comment       0x00000043       0x44 ./Drivers/STM32F4xx_HAL_Driver/Src/stm32f4xx_hal_tim.o